2026-09-12 13:19:07,167 |     INFO | Medicamentos EM FALTA (encontrados no PDF): Nenhum
2026-09-12 13:19:07,167 |     INFO | Medicamentos DISPONÍVEIS (NÃO encontrados no PDF): DONEPEZIL 10MG, MEMANTINA 10MG, GALANTAMINA 24MG
2026-09-12 13:19:07,167 |     INFO | ℹ️  Nenhuma mudança no PDF ou no status dos medicamentos detectada. Nenhum e-mail enviado.
2026-09-12 13:19:07,167 |     INFO | Execução concluída em 1.26s
2026-09-12 13:19:07,168 |     INFO | Estado salvo com sucesso
2026-09-12 13:19:07,168 |     INFO | Arquivo temporário dados_monitoramento/temp.pdf removido.
2026-09-12 23:40:50,678 |     INFO | Estado carregado com sucesso. Execução #1039
2026-09-12 23:40:50,678 |     INFO | === SISTEMA DE MONITORAMENTO INICIADO ===
2026-09-12 23:40:50,678 |     INFO | Biblioteca PDF: PyPDF2
2026-09-12 23:40:50,678 |     INFO | Python: 3.11.16 (main, Aug 13 2026, 02:46:14) [GCC 13.3.0]
2026-09-12 23:40:50,678 |     INFO | Arquivo ID: 1-jPRR_PzFgcFBra5zoqRUfh7KWFoSQcY
2026-09-12 23:40:50,679 |     INFO | Medicamentos monitorados: DONEPEZIL 10MG, MEMANTINA 10MG, GALANTAMINA 24MG
2026-09-12 23:40:50,679 |     INFO | Timezone configurado: America/Sao_Paulo
2026-09-12 23:40:50,690 |     INFO | === EXECUÇÃO #1040 INICIADA ===
2026-09-12 23:40:50,690 |     INFO | Tentativa 1 de download...
2026-09-12 23:40:51,734 |  WARNING | Conteúdo pode não ser PDF: application/octet-stream da URL https://drive.google.com/uc?export=download&id=1-jPRR_PzFgcFBra5zoqRUfh7KWFoSQcY
2026-09-12 23:40:51,743 |     INFO | Download concluído (42225 bytes) da URL https://drive.google.com/uc?export=download&id=1-jPRR_PzFgcFBra5zoqRUfh7KWFoSQcY
2026-09-12 23:40:51,769 |     INFO | Texto extraído com PyPDF2 (232 caracteres)
2026-09-12 23:40:51,769 |     INFO | Medicamentos EM FALTA (encontrados no PDF): Nenhum
2026-09-12 23:40:51,769 |     INFO | Medicamentos DISPONÍVEIS (NÃO encontrados no PDF): DONEPEZIL 10MG, MEMANTINA 10MG, GALANTAMINA 24MG
2026-09-12 23:40:51,769 |     INFO | ℹ️  Nenhuma mudança no PDF ou no status dos medicamentos detectada. Nenhum e-mail enviado.
2026-09-12 23:40:51,769 |     INFO | Execução concluída em 1.08s
2026-09-12 23:40:51,770 |     INFO | Estado salvo com sucesso
2026-09-12 23:40:51,770 |     INFO | Arquivo temporário dados_monitoramento/temp.pdf removido.
2026-09-13 14:01:59,937 |     INFO | Estado carregado com sucesso. Execução #1040
2026-09-13 14:01:59,937 |     INFO | === SISTEMA DE MONITORAMENTO INICIADO ===
2026-09-13 14:01:59,937 |     INFO | Biblioteca PDF: PyPDF2
2026-09-13 14:01:59,937 |     INFO | Python: 3.11.16 (main, Aug 13 2026, 02:46:14) [GCC 13.3.0]
2026-09-13 14:01:59,937 |     INFO | Arquivo ID: 1-jPRR_PzFgcFBra5zoqRUfh7KWFoSQcY
2026-09-13 14:01:59,937 |     INFO | Medicamentos monitorados: DONEPEZIL 10MG, MEMANTINA 10MG, GALANTAMINA 24MG
2026-09-13 14:01:59,937 |     INFO | Timezone configurado: America/Sao_Paulo
2026-09-13 14:01:59,949 |     INFO | === EXECUÇÃO #1041 INICIADA ===
2026-09-13 14:01:59,949 |     INFO | Tentativa 1 de download...
2026-09-13 14:02:00,975 |  WARNING | Conteúdo pode não ser PDF: application/octet-stream da URL https://drive.google.com/uc?export=download&id=1-jPRR_PzFgcFBra5zoqRUfh7KWFoSQcY
2026-09-13 14:02:00,986 |     INFO | Download concluído (42225 bytes) da URL https://drive.google.com/uc?export=download&id=1-jPRR_PzFgcFBra5zoqRUfh7KWFoSQcY
2026-09-13 14:02:01,029 |     INFO | Texto extraído com PyPDF2 (232 caracteres)
2026-09-13 14:02:01,029 |     INFO | Medicamentos EM FALTA (encontrados no PDF): Nenhum
2026-09-13 14:02:01,029 |     INFO | Medicamentos DISPONÍVEIS (NÃO encontrados no PDF): DONEPEZIL 10MG, MEMANTINA 10MG, GALANTAMINA 24MG
2026-09-13 14:02:01,029 |     INFO | ℹ️  Nenhuma mudança no PDF ou no status dos medicamentos detectada. Nenhum e-mail enviado.
2026-09-13 14:02:01,029 |     INFO | Execução concluída em 1.08s
2026-09-13 14:02:01,030 |     INFO | Estado salvo com sucesso
2026-09-13 14:02:01,030 |     INFO | Arquivo temporário dados_monitoramento/temp.pdf removido.
2026-09-13 23:51:27,912 |     INFO | Estado carregado com sucesso. Execução #1041
2026-09-13 23:51:27,912 |     INFO | === SISTEMA DE MONITORAMENTO INICIADO ===
2026-09-13 23:51:27,912 |     INFO | Biblioteca PDF: PyPDF2
2026-09-13 23:51:27,912 |     INFO | Python: 3.11.16 (main, Aug 13 2026, 02:46:14) [GCC 13.3.0]
2026-09-13 23:51:27,912 |     INFO | Arquivo ID: 1-jPRR_PzFgcFBra5zoqRUfh7KWFoSQcY
2026-09-13 23:51:27,913 |     INFO | Medicamentos monitorados: DONEPEZIL 10MG, MEMANTINA 10MG, GALANTAMINA 24MG
2026-09-13 23:51:27,913 |     INFO | Timezone configurado: America/Sao_Paulo
2026-09-13 23:51:27,924 |     INFO | === EXECUÇÃO #1042 INICIADA ===
2026-09-13 23:51:27,924 |     INFO | Tentativa 1 de download...
2026-09-13 23:51:29,037 |  WARNING | Conteúdo pode não ser PDF: application/octet-stream da URL https://drive.google.com/uc?export=download&id=1-jPRR_PzFgcFBra5zoqRUfh7KWFoSQcY
2026-09-13 23:51:29,046 |     INFO | Download concluído (42225 bytes) da URL https://drive.google.com/uc?export=download&id=1-jPRR_PzFgcFBra5zoqRUfh7KWFoSQcY
2026-09-13 23:51:29,060 |     INFO | Texto extraído com PyPDF2 (232 caracteres)
2026-09-13 23:51:29,060 |     INFO | Medicamentos EM FALTA (encontrados no PDF): Nenhum
2026-09-13 23:51:29,060 |     INFO | Medicamentos DISPONÍVEIS (NÃO encontrados no PDF): DONEPEZIL 10MG, MEMANTINA 10MG, GALANTAMINA 24MG
2026-09-13 23:51:29,060 |     INFO | ℹ️  Nenhuma mudança no PDF ou no status dos medicamentos detectada. Nenhum e-mail enviado.
2026-09-13 23:51:29,060 |     INFO | Execução concluída em 1.14s
2026-09-13 23:51:29,061 |     INFO | Estado salvo com sucesso
2026-09-13 23:51:29,061 |     INFO | Arquivo temporário dados_monitoramento/temp.pdf removido.
2026-09-14 16:07:43,121 |     INFO | Estado carregado com sucesso. Execução #1042
2026-09-14 16:07:43,121 |     INFO | === SISTEMA DE MONITORAMENTO INICIADO ===
2026-09-14 16:07:43,121 |     INFO | Biblioteca PDF: PyPDF2
2026-09-14 16:07:43,121 |     INFO | Python: 3.11.16 (main, Aug 13 2026, 02:46:14) [GCC 13.3.0]
2026-09-14 16:07:43,121 |     INFO | Arquivo ID: 1-jPRR_PzFgcFBra5zoqRUfh7KWFoSQcY
2026-09-14 16:07:43,121 |     INFO | Medicamentos monitorados: DONEPEZIL 10MG, MEMANTINA 10MG, GALANTAMINA 24MG
2026-09-14 16:07:43,121 |     INFO | Timezone configurado: America/Sao_Paulo
2026-09-14 16:07:43,132 |     INFO | === EXECUÇÃO #1043 INICIADA ===
2026-09-14 16:07:43,132 |     INFO | Tentativa 1 de download...
2026-09-14 16:07:44,400 |  WARNING | Conteúdo pode não ser PDF: application/octet-stream da URL https://drive.google.com/uc?export=download&id=1-jPRR_PzFgcFBra5zoqRUfh7KWFoSQcY
2026-09-14 16:07:44,402 |     INFO | Download concluído (42225 bytes) da URL https://drive.google.com/uc?export=download&id=1-jPRR_PzFgcFBra5zoqRUfh7KWFoSQcY
2026-09-14 16:07:44,434 |     INFO | Texto extraído com PyPDF2 (232 caracteres)
2026-09-14 16:07:44,435 |     INFO | Medicamentos EM FALTA (encontrados no PDF): Nenhum
2026-09-14 16:07:44,435 |     INFO | Medicamentos DISPONÍVEIS (NÃO encontrados no PDF): DONEPEZIL 10MG, MEMANTINA 10MG, GALANTAMINA 24MG
2026-09-14 16:07:44,435 |     INFO | ℹ️  Nenhuma mudança no PDF ou no status dos medicamentos detectada. Nenhum e-mail enviado.
2026-09-14 16:07:44,435 |     INFO | Execução concluída em 1.30s
2026-09-14 16:07:44,436 |     INFO | Estado salvo com sucesso
2026-09-14 16:07:44,436 |     INFO | Arquivo temporário dados_monitoramento/temp.pdf removido.
2026-09-15 00:12:33,294 |     INFO | Estado carregado com sucesso. Execução #1043
2026-09-15 00:12:33,294 |     INFO | === SISTEMA DE MONITORAMENTO INICIADO ===
2026-09-15 00:12:33,294 |     INFO | Biblioteca PDF: PyPDF2
2026-09-15 00:12:33,294 |     INFO | Python: 3.11.16 (main, Aug 13 2026, 02:46:14) [GCC 13.3.0]
2026-09-15 00:12:33,294 |     INFO | Arquivo ID: 1-jPRR_PzFgcFBra5zoqRUfh7KWFoSQcY
2026-09-15 00:12:33,294 |     INFO | Medicamentos monitorados: DONEPEZIL 10MG, MEMANTINA 10MG, GALANTAMINA 24MG
2026-09-15 00:12:33,294 |     INFO | Timezone configurado: America/Sao_Paulo
2026-09-15 00:12:33,303 |     INFO | === EXECUÇÃO #1044 INICIADA ===
2026-09-15 00:12:33,303 |     INFO | Tentativa 1 de download...
2026-09-15 00:12:34,538 |  WARNING | Conteúdo pode não ser PDF: application/octet-stream da URL https://drive.google.com/uc?export=download&id=1-jPRR_PzFgcFBra5zoqRUfh7KWFoSQcY
2026-09-15 00:12:34,571 |     INFO | Download concluído (42225 bytes) da URL https://drive.google.com/uc?export=download&id=1-jPRR_PzFgcFBra5zoqRUfh7KWFoSQcY
2026-09-15 00:12:34,688 |     INFO | Texto extraído com PyPDF2 (232 caracteres)
2026-09-15 00:12:34,689 |     INFO | Medicamentos EM FALTA (encontrados no PDF): Nenhum
2026-09-15 00:12:34,689 |     INFO | Medicamentos DISPONÍVEIS (NÃO encontrados no PDF): DONEPEZIL 10MG, MEMANTINA 10MG, GALANTAMINA 24MG
2026-09-15 00:12:34,689 |     INFO | ℹ️  Nenhuma mudança no PDF ou no status dos medicamentos detectada. Nenhum e-mail enviado.
2026-09-15 00:12:34,689 |     INFO | Execução concluída em 1.39s
2026-09-15 00:12:34,698 |     INFO | Estado salvo com sucesso
2026-09-15 00:12:34,698 |     INFO | Arquivo temporário dados_monitoramento/temp.pdf removido.
2026-09-15 14:36:25,616 |     INFO | Estado carregado com sucesso. Execução #1044
2026-09-15 14:36:25,616 |     INFO | === SISTEMA DE MONITORAMENTO INICIADO ===
2026-09-15 14:36:25,616 |     INFO | Biblioteca PDF: PyPDF2
2026-09-15 14:36:25,617 |     INFO | Python: 3.11.16 (main, Aug 13 2026, 02:46:14) [GCC 13.3.0]
2026-09-15 14:36:25,617 |     INFO | Arquivo ID: 1-jPRR_PzFgcFBra5zoqRUfh7KWFoSQcY
2026-09-15 14:36:25,617 |     INFO | Medicamentos monitorados: DONEPEZIL 10MG, MEMANTINA 10MG, GALANTAMINA 24MG
2026-09-15 14:36:25,617 |     INFO | Timezone configurado: America/Sao_Paulo
2026-09-15 14:36:25,626 |     INFO | === EXECUÇÃO #1045 INICIADA ===
2026-09-15 14:36:25,626 |     INFO | Tentativa 1 de download...
2026-09-15 14:36:26,916 |  WARNING | Conteúdo pode não ser PDF: application/octet-stream da URL https://drive.google.com/uc?export=download&id=1-jPRR_PzFgcFBra5zoqRUfh7KWFoSQcY
2026-09-15 14:36:26,946 |     INFO | Download concluído (42225 bytes) da URL https://drive.google.com/uc?export=download&id=1-jPRR_PzFgcFBra5zoqRUfh7KWFoSQcY
2026-09-15 14:36:26,966 |     INFO | Texto extraído com PyPDF2 (232 caracteres)
2026-09-15 14:36:26,966 |     INFO | Medicamentos EM FALTA (encontrados no PDF): Nenhum
2026-09-15 14:36:26,966 |     INFO | Medicamentos DISPONÍVEIS (NÃO encontrados no PDF): DONEPEZIL 10MG, MEMANTINA 10MG, GALANTAMINA 24MG
2026-09-15 14:36:26,966 |     INFO | ℹ️  Nenhuma mudança no PDF ou no status dos medicamentos detectada. Nenhum e-mail enviado.
2026-09-15 14:36:26,966 |     INFO | Execução concluída em 1.34s
2026-09-15 14:36:26,967 |     INFO | Estado salvo com sucesso
2026-09-15 14:36:26,967 |     INFO | Arquivo temporário dados_monitoramento/temp.pdf removido.
2026-09-15 23:55:48,365 |     INFO | Estado carregado com sucesso. Execução #1045
2026-09-15 23:55:48,365 |     INFO | === SISTEMA DE MONITORAMENTO INICIADO ===
2026-09-15 23:55:48,365 |     INFO | Biblioteca PDF: PyPDF2
2026-09-15 23:55:48,365 |     INFO | Python: 3.11.16 (main, Aug 13 2026, 02:46:14) [GCC 13.3.0]
2026-09-15 23:55:48,365 |     INFO | Arquivo ID: 1-jPRR_PzFgcFBra5zoqRUfh7KWFoSQcY
2026-09-15 23:55:48,365 |     INFO | Medicamentos monitorados: DONEPEZIL 10MG, MEMANTINA 10MG, GALANTAMINA 24MG
2026-09-15 23:55:48,365 |     INFO | Timezone configurado: America/Sao_Paulo
2026-09-15 23:55:48,374 |     INFO | === EXECUÇÃO #1046 INICIADA ===
2026-09-15 23:55:48,374 |     INFO | Tentativa 1 de download...
2026-09-15 23:55:50,405 |  WARNING | Conteúdo pode não ser PDF: application/octet-stream da URL https://drive.google.com/uc?export=download&id=1-jPRR_PzFgcFBra5zoqRUfh7KWFoSQcY
2026-09-15 23:55:50,419 |     INFO | Download concluído (41646 bytes) da URL https://drive.google.com/uc?export=download&id=1-jPRR_PzFgcFBra5zoqRUfh7KWFoSQcY
2026-09-15 23:55:50,489 |     INFO | Texto extraído com PyPDF2 (177 caracteres)
2026-09-15 23:55:50,489 |     INFO | Medicamentos EM FALTA (encontrados no PDF): Nenhum
2026-09-15 23:55:50,489 |     INFO | Medicamentos DISPONÍVEIS (NÃO encontrados no PDF): DONEPEZIL 10MG, MEMANTINA 10MG, GALANTAMINA 24MG
2026-09-15 23:55:50,490 |     INFO | ✅ Mudança no conteúdo do PDF detectada. Novo hash: 5aeeef1892...
2026-09-15 23:55:52,689 |     INFO | Email enviado com sucesso: TODOS DISPONÍVEIS
2026-09-15 23:55:53,297 |     INFO | ✅ Mensagem enviada para Telegram com sucesso!
2026-09-15 23:55:53,298 |     INFO | ✅ Notificações enviadas com sucesso para E-mail e Telegram!
2026-09-15 23:55:53,298 |     INFO | ✅ Mudança no conteúdo do PDF detectada. Enviando e-mail.
2026-09-15 23:55:53,298 |     INFO | Execução concluída em 4.92s
2026-09-15 23:55:53,315 |     INFO | Estado salvo com sucesso
2026-09-15 23:55:53,316 |     INFO | Arquivo temporário dados_monitoramento/temp.pdf removido.
2026-09-16 14:32:55,501 |     INFO | Estado carregado com sucesso. Execução #1046
2026-09-16 14:32:55,501 |     INFO | === SISTEMA DE MONITORAMENTO INICIADO ===
2026-09-16 14:32:55,501 |     INFO | Biblioteca PDF: PyPDF2
2026-09-16 14:32:55,501 |     INFO | Python: 3.11.16 (main, Aug 13 2026, 02:46:14) [GCC 13.3.0]
2026-09-16 14:32:55,501 |     INFO | Arquivo ID: 1-jPRR_PzFgcFBra5zoqRUfh7KWFoSQcY
2026-09-16 14:32:55,501 |     INFO | Medicamentos monitorados: DONEPEZIL 10MG, MEMANTINA 10MG, GALANTAMINA 24MG
2026-09-16 14:32:55,501 |     INFO | Timezone configurado: America/Sao_Paulo
2026-09-16 14:32:55,508 |     INFO | === EXECUÇÃO #1047 INICIADA ===
2026-09-16 14:32:55,509 |     INFO | Tentativa 1 de download...
2026-09-16 14:32:57,238 |  WARNING | Conteúdo pode não ser PDF: application/octet-stream da URL https://drive.google.com/uc?export=download&id=1-jPRR_PzFgcFBra5zoqRUfh7KWFoSQcY
2026-09-16 14:32:57,321 |     INFO | Download concluído (41646 bytes) da URL https://drive.google.com/uc?export=download&id=1-jPRR_PzFgcFBra5zoqRUfh7KWFoSQcY
2026-09-16 14:32:57,340 |     INFO | Texto extraído com PyPDF2 (177 caracteres)
2026-09-16 14:32:57,340 |     INFO | Medicamentos EM FALTA (encontrados no PDF): Nenhum
2026-09-16 14:32:57,340 |     INFO | Medicamentos DISPONÍVEIS (NÃO encontrados no PDF): DONEPEZIL 10MG, MEMANTINA 10MG, GALANTAMINA 24MG
2026-09-16 14:32:57,340 |     INFO | ℹ️  Nenhuma mudança no PDF ou no status dos medicamentos detectada. Nenhum e-mail enviado.
2026-09-16 14:32:57,340 |     INFO | Execução concluída em 1.83s
2026-09-16 14:32:57,341 |     INFO | Estado salvo com sucesso
2026-09-16 14:32:57,341 |     INFO | Arquivo temporário dados_monitoramento/temp.pdf removido.
2026-09-17 00:01:57,125 |     INFO | Estado carregado com sucesso. Execução #1047
2026-09-17 00:01:57,125 |     INFO | === SISTEMA DE MONITORAMENTO INICIADO ===
2026-09-17 00:01:57,125 |     INFO | Biblioteca PDF: PyPDF2
2026-09-17 00:01:57,125 |     INFO | Python: 3.11.16 (main, Aug 13 2026, 02:46:14) [GCC 13.3.0]
2026-09-17 00:01:57,125 |     INFO | Arquivo ID: 1-jPRR_PzFgcFBra5zoqRUfh7KWFoSQcY
2026-09-17 00:01:57,125 |     INFO | Medicamentos monitorados: DONEPEZIL 10MG, MEMANTINA 10MG, GALANTAMINA 24MG
2026-09-17 00:01:57,125 |     INFO | Timezone configurado: America/Sao_Paulo
2026-09-17 00:01:57,132 |     INFO | === EXECUÇÃO #1048 INICIADA ===
2026-09-17 00:01:57,132 |     INFO | Tentativa 1 de download...
2026-09-17 00:01:58,694 |  WARNING | Conteúdo pode não ser PDF: application/octet-stream da URL https://drive.google.com/uc?export=download&id=1-jPRR_PzFgcFBra5zoqRUfh7KWFoSQcY
2026-09-17 00:01:58,729 |     INFO | Download concluído (41646 bytes) da URL https://drive.google.com/uc?export=download&id=1-jPRR_PzFgcFBra5zoqRUfh7KWFoSQcY
2026-09-17 00:01:58,746 |     INFO | Texto extraído com PyPDF2 (177 caracteres)
2026-09-17 00:01:58,747 |     INFO | Medicamentos EM FALTA (encontrados no PDF): Nenhum
2026-09-17 00:01:58,747 |     INFO | Medicamentos DISPONÍVEIS (NÃO encontrados no PDF): DONEPEZIL 10MG, MEMANTINA 10MG, GALANTAMINA 24MG
2026-09-17 00:01:58,747 |     INFO | ℹ️  Nenhuma mudança no PDF ou no status dos medicamentos detectada. Nenhum e-mail enviado.
2026-09-17 00:01:58,747 |     INFO | Execução concluída em 1.62s
2026-09-17 00:01:58,748 |     INFO | Estado salvo com sucesso
2026-09-17 00:01:58,749 |     INFO | Arquivo temporário dados_monitoramento/temp.pdf removido.
2026-09-17 14:37:29,159 |     INFO | Estado carregado com sucesso. Execução #1048
2026-09-17 14:37:29,159 |     INFO | === SISTEMA DE MONITORAMENTO INICIADO ===
2026-09-17 14:37:29,159 |     INFO | Biblioteca PDF: PyPDF2
2026-09-17 14:37:29,159 |     INFO | Python: 3.11.16 (main, Aug 13 2026, 02:46:14) [GCC 13.3.0]
2026-09-17 14:37:29,159 |     INFO | Arquivo ID: 1-jPRR_PzFgcFBra5zoqRUfh7KWFoSQcY
2026-09-17 14:37:29,160 |     INFO | Medicamentos monitorados: DONEPEZIL 10MG, MEMANTINA 10MG, GALANTAMINA 24MG
2026-09-17 14:37:29,160 |     INFO | Timezone configurado: America/Sao_Paulo
2026-09-17 14:37:29,170 |     INFO | === EXECUÇÃO #1049 INICIADA ===
2026-09-17 14:37:29,171 |     INFO | Tentativa 1 de download...
2026-09-17 14:37:30,509 |  WARNING | Conteúdo pode não ser PDF: application/octet-stream da URL https://drive.google.com/uc?export=download&id=1-jPRR_PzFgcFBra5zoqRUfh7KWFoSQcY
2026-09-17 14:37:30,544 |     INFO | Download concluído (41646 bytes) da URL https://drive.google.com/uc?export=download&id=1-jPRR_PzFgcFBra5zoqRUfh7KWFoSQcY
2026-09-17 14:37:30,566 |     INFO | Texto extraído com PyPDF2 (177 caracteres)
2026-09-17 14:37:30,567 |     INFO | Medicamentos EM FALTA (encontrados no PDF): Nenhum
2026-09-17 14:37:30,567 |     INFO | Medicamentos DISPONÍVEIS (NÃO encontrados no PDF): DONEPEZIL 10MG, MEMANTINA 10MG, GALANTAMINA 24MG
2026-09-17 14:37:30,567 |     INFO | ℹ️  Nenhuma mudança no PDF ou no status dos medicamentos detectada. Nenhum e-mail enviado.
2026-09-17 14:37:30,567 |     INFO | Execução concluída em 1.40s
2026-09-17 14:37:30,568 |     INFO | Estado salvo com sucesso
2026-09-17 14:37:30,568 |     INFO | Arquivo temporário dados_monitoramento/temp.pdf removido.
2026-09-17 23:52:55,978 |     INFO | Estado carregado com sucesso. Execução #1049
2026-09-17 23:52:55,978 |     INFO | === SISTEMA DE MONITORAMENTO INICIADO ===
2026-09-17 23:52:55,978 |     INFO | Biblioteca PDF: PyPDF2
2026-09-17 23:52:55,979 |     INFO | Python: 3.11.16 (main, Aug 13 2026, 02:46:14) [GCC 13.3.0]
2026-09-17 23:52:55,979 |     INFO | Arquivo ID: 1-jPRR_PzFgcFBra5zoqRUfh7KWFoSQcY
2026-09-17 23:52:55,979 |     INFO | Medicamentos monitorados: DONEPEZIL 10MG, MEMANTINA 10MG, GALANTAMINA 24MG
2026-09-17 23:52:55,979 |     INFO | Timezone configurado: America/Sao_Paulo
2026-09-17 23:52:55,989 |     INFO | === EXECUÇÃO #1050 INICIADA ===
2026-09-17 23:52:55,990 |     INFO | Tentativa 1 de download...
2026-09-17 23:53:00,645 |  WARNING | Conteúdo pode não ser PDF: application/octet-stream da URL https://drive.google.com/uc?export=download&id=1-jPRR_PzFgcFBra5zoqRUfh7KWFoSQcY
2026-09-17 23:53:00,651 |     INFO | Download concluído (41646 bytes) da URL https://drive.google.com/uc?export=download&id=1-jPRR_PzFgcFBra5zoqRUfh7KWFoSQcY
2026-09-17 23:53:00,675 |     INFO | Texto extraído com PyPDF2 (177 caracteres)
2026-09-17 23:53:00,676 |     INFO | Medicamentos EM FALTA (encontrados no PDF): Nenhum
2026-09-17 23:53:00,676 |     INFO | Medicamentos DISPONÍVEIS (NÃO encontrados no PDF): DONEPEZIL 10MG, MEMANTINA 10MG, GALANTAMINA 24MG
2026-09-17 23:53:00,676 |     INFO | ℹ️  Nenhuma mudança no PDF ou no status dos medicamentos detectada. Nenhum e-mail enviado.
2026-09-17 23:53:00,676 |     INFO | Execução concluída em 4.69s
2026-09-17 23:53:00,677 |     INFO | Estado salvo com sucesso
2026-09-17 23:53:00,677 |     INFO | Arquivo temporário dados_monitoramento/temp.pdf removido.
2026-09-18 14:03:43,947 |     INFO | Estado carregado com sucesso. Execução #1050
2026-09-18 14:03:43,947 |     INFO | === SISTEMA DE MONITORAMENTO INICIADO ===
2026-09-18 14:03:43,947 |     INFO | Biblioteca PDF: PyPDF2
2026-09-18 14:03:43,947 |     INFO | Python: 3.11.16 (main, Aug 13 2026, 02:46:14) [GCC 13.3.0]
2026-09-18 14:03:43,947 |     INFO | Arquivo ID: 1-jPRR_PzFgcFBra5zoqRUfh7KWFoSQcY
2026-09-18 14:03:43,947 |     INFO | Medicamentos monitorados: DONEPEZIL 10MG, MEMANTINA 10MG, GALANTAMINA 24MG
2026-09-18 14:03:43,947 |     INFO | Timezone configurado: America/Sao_Paulo
2026-09-18 14:03:43,952 |     INFO | === EXECUÇÃO #1051 INICIADA ===
2026-09-18 14:03:43,952 |     INFO | Tentativa 1 de download...
2026-09-18 14:03:45,587 |  WARNING | Conteúdo pode não ser PDF: application/octet-stream da URL https://drive.google.com/uc?export=download&id=1-jPRR_PzFgcFBra5zoqRUfh7KWFoSQcY
2026-09-18 14:03:45,641 |     INFO | Download concluído (41646 bytes) da URL https://drive.google.com/uc?export=download&id=1-jPRR_PzFgcFBra5zoqRUfh7KWFoSQcY
2026-09-18 14:03:45,660 |     INFO | Texto extraído com PyPDF2 (177 caracteres)
2026-09-18 14:03:45,660 |     INFO | Medicamentos EM FALTA (encontrados no PDF): Nenhum
2026-09-18 14:03:45,660 |     INFO | Medicamentos DISPONÍVEIS (NÃO encontrados no PDF): DONEPEZIL 10MG, MEMANTINA 10MG, GALANTAMINA 24MG
2026-09-18 14:03:45,660 |     INFO | ℹ️  Nenhuma mudança no PDF ou no status dos medicamentos detectada. Nenhum e-mail enviado.
2026-09-18 14:03:45,660 |     INFO | Execução concluída em 1.71s
2026-09-18 14:03:45,660 |     INFO | Estado salvo com sucesso
2026-09-18 14:03:45,660 |     INFO | Arquivo temporário dados_monitoramento/temp.pdf removido.
2026-09-18 23:50:11,881 |     INFO | Estado carregado com sucesso. Execução #1051
2026-09-18 23:50:11,882 |     INFO | === SISTEMA DE MONITORAMENTO INICIADO ===
2026-09-18 23:50:11,882 |     INFO | Biblioteca PDF: PyPDF2
2026-09-18 23:50:11,882 |     INFO | Python: 3.11.16 (main, Aug 13 2026, 02:46:14) [GCC 13.3.0]
2026-09-18 23:50:11,882 |     INFO | Arquivo ID: 1-jPRR_PzFgcFBra5zoqRUfh7KWFoSQcY
2026-09-18 23:50:11,882 |     INFO | Medicamentos monitorados: DONEPEZIL 10MG, MEMANTINA 10MG, GALANTAMINA 24MG
2026-09-18 23:50:11,882 |     INFO | Timezone configurado: America/Sao_Paulo
2026-09-18 23:50:11,893 |     INFO | === EXECUÇÃO #1052 INICIADA ===
2026-09-18 23:50:11,893 |     INFO | Tentativa 1 de download...
2026-09-18 23:50:13,500 |  WARNING | Conteúdo pode não ser PDF: application/octet-stream da URL https://drive.google.com/uc?export=download&id=1-jPRR_PzFgcFBra5zoqRUfh7KWFoSQcY
2026-09-18 23:50:13,510 |     INFO | Download concluído (41646 bytes) da URL https://drive.google.com/uc?export=download&id=1-jPRR_PzFgcFBra5zoqRUfh7KWFoSQcY
2026-09-18 23:50:13,543 |     INFO | Texto extraído com PyPDF2 (177 caracteres)
2026-09-18 23:50:13,543 |     INFO | Medicamentos EM FALTA (encontrados no PDF): Nenhum
2026-09-18 23:50:13,543 |     INFO | Medicamentos DISPONÍVEIS (NÃO encontrados no PDF): DONEPEZIL 10MG, MEMANTINA 10MG, GALANTAMINA 24MG
2026-09-18 23:50:13,543 |     INFO | ℹ️  Nenhuma mudança no PDF ou no status dos medicamentos detectada. Nenhum e-mail enviado.
2026-09-18 23:50:13,543 |     INFO | Execução concluída em 1.65s
2026-09-18 23:50:13,544 |     INFO | Estado salvo com sucesso
2026-09-18 23:50:13,544 |     INFO | Arquivo temporário dados_monitoramento/temp.pdf removido.
2026-09-19 13:39:37,655 |     INFO | Estado carregado com sucesso. Execução #1052
2026-09-19 13:39:37,655 |     INFO | === SISTEMA DE MONITORAMENTO INICIADO ===
2026-09-19 13:39:37,655 |     INFO | Biblioteca PDF: PyPDF2
2026-09-19 13:39:37,655 |     INFO | Python: 3.11.16 (main, Aug 13 2026, 02:46:14) [GCC 13.3.0]
2026-09-19 13:39:37,655 |     INFO | Arquivo ID: 1-jPRR_PzFgcFBra5zoqRUfh7KWFoSQcY
2026-09-19 13:39:37,655 |     INFO | Medicamentos monitorados: DONEPEZIL 10MG, MEMANTINA 10MG, GALANTAMINA 24MG
2026-09-19 13:39:37,655 |     INFO | Timezone configurado: America/Sao_Paulo
2026-09-19 13:39:37,666 |     INFO | === EXECUÇÃO #1053 INICIADA ===
2026-09-19 13:39:37,666 |     INFO | Tentativa 1 de download...
2026-09-19 13:39:39,176 |  WARNING | Conteúdo pode não ser PDF: application/octet-stream da URL https://drive.google.com/uc?export=download&id=1-jPRR_PzFgcFBra5zoqRUfh7KWFoSQcY
2026-09-19 13:39:39,185 |     INFO | Download concluído (41646 bytes) da URL https://drive.google.com/uc?export=download&id=1-jPRR_PzFgcFBra5zoqRUfh7KWFoSQcY
2026-09-19 13:39:39,204 |     INFO | Texto extraído com PyPDF2 (177 caracteres)
2026-09-19 13:39:39,204 |     INFO | Medicamentos EM FALTA (encontrados no PDF): Nenhum
2026-09-19 13:39:39,204 |     INFO | Medicamentos DISPONÍVEIS (NÃO encontrados no PDF): DONEPEZIL 10MG, MEMANTINA 10MG, GALANTAMINA 24MG
2026-09-19 13:39:39,204 |     INFO | ℹ️  Nenhuma mudança no PDF ou no status dos medicamentos detectada. Nenhum e-mail enviado.
2026-09-19 13:39:39,205 |     INFO | Execução concluída em 1.54s
2026-09-19 13:39:39,205 |     INFO | Estado salvo com sucesso
2026-09-19 13:39:39,205 |     INFO | Arquivo temporário dados_monitoramento/temp.pdf removido.
2026-09-19 23:51:24,186 |     INFO | Estado carregado com sucesso. Execução #1053
2026-09-19 23:51:24,187 |     INFO | === SISTEMA DE MONITORAMENTO INICIADO ===
2026-09-19 23:51:24,187 |     INFO | Biblioteca PDF: PyPDF2
2026-09-19 23:51:24,187 |     INFO | Python: 3.11.16 (main, Aug 13 2026, 02:46:14) [GCC 13.3.0]
2026-09-19 23:51:24,187 |     INFO | Arquivo ID: 1-jPRR_PzFgcFBra5zoqRUfh7KWFoSQcY
2026-09-19 23:51:24,187 |     INFO | Medicamentos monitorados: DONEPEZIL 10MG, MEMANTINA 10MG, GALANTAMINA 24MG
2026-09-19 23:51:24,187 |     INFO | Timezone configurado: America/Sao_Paulo
2026-09-19 23:51:24,197 |     INFO | === EXECUÇÃO #1054 INICIADA ===
2026-09-19 23:51:24,198 |     INFO | Tentativa 1 de download...
2026-09-19 23:51:25,748 |  WARNING | Conteúdo pode não ser PDF: application/octet-stream da URL https://drive.google.com/uc?export=download&id=1-jPRR_PzFgcFBra5zoqRUfh7KWFoSQcY
2026-09-19 23:51:25,751 |     INFO | Download concluído (41646 bytes) da URL https://drive.google.com/uc?export=download&id=1-jPRR_PzFgcFBra5zoqRUfh7KWFoSQcY
2026-09-19 23:51:25,775 |     INFO | Texto extraído com PyPDF2 (177 caracteres)
2026-09-19 23:51:25,775 |     INFO | Medicamentos EM FALTA (encontrados no PDF): Nenhum
2026-09-19 23:51:25,775 |     INFO | Medicamentos DISPONÍVEIS (NÃO encontrados no PDF): DONEPEZIL 10MG, MEMANTINA 10MG, GALANTAMINA 24MG
2026-09-19 23:51:25,775 |     INFO | ℹ️  Nenhuma mudança no PDF ou no status dos medicamentos detectada. Nenhum e-mail enviado.
2026-09-19 23:51:25,776 |     INFO | Execução concluída em 1.58s
2026-09-19 23:51:25,776 |     INFO | Estado salvo com sucesso
2026-09-19 23:51:25,776 |     INFO | Arquivo temporário dados_monitoramento/temp.pdf removido.
2026-09-20 13:54:03,501 |     INFO | Estado carregado com sucesso. Execução #1054
2026-09-20 13:54:03,501 |     INFO | === SISTEMA DE MONITORAMENTO INICIADO ===
2026-09-20 13:54:03,501 |     INFO | Biblioteca PDF: PyPDF2
2026-09-20 13:54:03,501 |     INFO | Python: 3.11.16 (main, Aug 13 2026, 02:46:14) [GCC 13.3.0]
2026-09-20 13:54:03,501 |     INFO | Arquivo ID: 1-jPRR_PzFgcFBra5zoqRUfh7KWFoSQcY
2026-09-20 13:54:03,501 |     INFO | Medicamentos monitorados: DONEPEZIL 10MG, MEMANTINA 10MG, GALANTAMINA 24MG
2026-09-20 13:54:03,501 |     INFO | Timezone configurado: America/Sao_Paulo
2026-09-20 13:54:03,513 |     INFO | === EXECUÇÃO #1055 INICIADA ===
2026-09-20 13:54:03,513 |     INFO | Tentativa 1 de download...
2026-09-20 13:54:05,215 |  WARNING | Conteúdo pode não ser PDF: application/octet-stream da URL https://drive.google.com/uc?export=download&id=1-jPRR_PzFgcFBra5zoqRUfh7KWFoSQcY
2026-09-20 13:54:05,261 |     INFO | Download concluído (41646 bytes) da URL https://drive.google.com/uc?export=download&id=1-jPRR_PzFgcFBra5zoqRUfh7KWFoSQcY
2026-09-20 13:54:05,278 |     INFO | Texto extraído com PyPDF2 (177 caracteres)
2026-09-20 13:54:05,279 |     INFO | Medicamentos EM FALTA (encontrados no PDF): Nenhum
2026-09-20 13:54:05,279 |     INFO | Medicamentos DISPONÍVEIS (NÃO encontrados no PDF): DONEPEZIL 10MG, MEMANTINA 10MG, GALANTAMINA 24MG
2026-09-20 13:54:05,279 |     INFO | ℹ️  Nenhuma mudança no PDF ou no status dos medicamentos detectada. Nenhum e-mail enviado.
2026-09-20 13:54:05,279 |     INFO | Execução concluída em 1.77s
2026-09-20 13:54:05,280 |     INFO | Estado salvo com sucesso
2026-09-20 13:54:05,280 |     INFO | Arquivo temporário dados_monitoramento/temp.pdf removido.
2026-09-20 23:48:33,755 |     INFO | Estado carregado com sucesso. Execução #1055
2026-09-20 23:48:33,755 |     INFO | === SISTEMA DE MONITORAMENTO INICIADO ===
2026-09-20 23:48:33,755 |     INFO | Biblioteca PDF: PyPDF2
2026-09-20 23:48:33,755 |     INFO | Python: 3.11.16 (main, Aug 13 2026, 02:46:14) [GCC 13.3.0]
2026-09-20 23:48:33,755 |     INFO | Arquivo ID: 1-jPRR_PzFgcFBra5zoqRUfh7KWFoSQcY
2026-09-20 23:48:33,755 |     INFO | Medicamentos monitorados: DONEPEZIL 10MG, MEMANTINA 10MG, GALANTAMINA 24MG
2026-09-20 23:48:33,755 |     INFO | Timezone configurado: America/Sao_Paulo
2026-09-20 23:48:33,763 |     INFO | === EXECUÇÃO #1056 INICIADA ===
2026-09-20 23:48:33,763 |     INFO | Tentativa 1 de download...
2026-09-20 23:48:35,416 |  WARNING | Conteúdo pode não ser PDF: application/octet-stream da URL https://drive.google.com/uc?export=download&id=1-jPRR_PzFgcFBra5zoqRUfh7KWFoSQcY
2026-09-20 23:48:35,463 |     INFO | Download concluído (41646 bytes) da URL https://drive.google.com/uc?export=download&id=1-jPRR_PzFgcFBra5zoqRUfh7KWFoSQcY
2026-09-20 23:48:35,489 |     INFO | Texto extraído com PyPDF2 (177 caracteres)
2026-09-20 23:48:35,489 |     INFO | Medicamentos EM FALTA (encontrados no PDF): Nenhum
2026-09-20 23:48:35,489 |     INFO | Medicamentos DISPONÍVEIS (NÃO encontrados no PDF): DONEPEZIL 10MG, MEMANTINA 10MG, GALANTAMINA 24MG
2026-09-20 23:48:35,489 |     INFO | ℹ️  Nenhuma mudança no PDF ou no status dos medicamentos detectada. Nenhum e-mail enviado.
2026-09-20 23:48:35,489 |     INFO | Execução concluída em 1.73s
2026-09-20 23:48:35,490 |     INFO | Estado salvo com sucesso
2026-09-20 23:48:35,490 |     INFO | Arquivo temporário dados_monitoramento/temp.pdf removido.
2026-09-21 16:10:03,104 |     INFO | Estado carregado com sucesso. Execução #1056
2026-09-21 16:10:03,104 |     INFO | === SISTEMA DE MONITORAMENTO INICIADO ===
2026-09-21 16:10:03,104 |     INFO | Biblioteca PDF: PyPDF2
2026-09-21 16:10:03,104 |     INFO | Python: 3.11.16 (main, Aug 13 2026, 02:46:14) [GCC 13.3.0]
2026-09-21 16:10:03,104 |     INFO | Arquivo ID: 1-jPRR_PzFgcFBra5zoqRUfh7KWFoSQcY
2026-09-21 16:10:03,105 |     INFO | Medicamentos monitorados: DONEPEZIL 10MG, MEMANTINA 10MG, GALANTAMINA 24MG
2026-09-21 16:10:03,105 |     INFO | Timezone configurado: America/Sao_Paulo
2026-09-21 16:10:03,116 |     INFO | === EXECUÇÃO #1057 INICIADA ===
2026-09-21 16:10:03,116 |     INFO | Tentativa 1 de download...
2026-09-21 16:10:04,812 |  WARNING | Conteúdo pode não ser PDF: application/octet-stream da URL https://drive.google.com/uc?export=download&id=1-jPRR_PzFgcFBra5zoqRUfh7KWFoSQcY
2026-09-21 16:10:04,818 |     INFO | Download concluído (41571 bytes) da URL https://drive.google.com/uc?export=download&id=1-jPRR_PzFgcFBra5zoqRUfh7KWFoSQcY
2026-09-21 16:10:04,841 |     INFO | Texto extraído com PyPDF2 (195 caracteres)
2026-09-21 16:10:04,842 |     INFO | Medicamentos EM FALTA (encontrados no PDF): Nenhum
2026-09-21 16:10:04,842 |     INFO | Medicamentos DISPONÍVEIS (NÃO encontrados no PDF): DONEPEZIL 10MG, MEMANTINA 10MG, GALANTAMINA 24MG
2026-09-21 16:10:04,842 |     INFO | ✅ Mudança no conteúdo do PDF detectada. Novo hash: e53f186db5...
2026-09-21 16:10:07,352 |     INFO | Email enviado com sucesso: TODOS DISPONÍVEIS
2026-09-21 16:10:08,526 |     INFO | ✅ Mensagem enviada para Telegram com sucesso!
2026-09-21 16:10:08,527 |     INFO | ✅ Notificações enviadas com sucesso para E-mail e Telegram!
2026-09-21 16:10:08,527 |     INFO | ✅ Mudança no conteúdo do PDF detectada. Enviando e-mail.
2026-09-21 16:10:08,527 |     INFO | Execução concluída em 5.41s
2026-09-21 16:10:08,528 |     INFO | Estado salvo com sucesso
2026-09-21 16:10:08,528 |     INFO | Arquivo temporário dados_monitoramento/temp.pdf removido.
2026-09-22 00:32:41,114 |     INFO | Estado carregado com sucesso. Execução #1057
2026-09-22 00:32:41,115 |     INFO | === SISTEMA DE MONITORAMENTO INICIADO ===
2026-09-22 00:32:41,115 |     INFO | Biblioteca PDF: PyPDF2
2026-09-22 00:32:41,115 |     INFO | Python: 3.11.16 (main, Aug 13 2026, 02:46:14) [GCC 13.3.0]
2026-09-22 00:32:41,115 |     INFO | Arquivo ID: 1-jPRR_PzFgcFBra5zoqRUfh7KWFoSQcY
2026-09-22 00:32:41,115 |     INFO | Medicamentos monitorados: DONEPEZIL 10MG, MEMANTINA 10MG, GALANTAMINA 24MG
2026-09-22 00:32:41,115 |     INFO | Timezone configurado: America/Sao_Paulo
2026-09-22 00:32:41,126 |     INFO | === EXECUÇÃO #1058 INICIADA ===
2026-09-22 00:32:41,126 |     INFO | Tentativa 1 de download...
2026-09-22 00:32:42,766 |  WARNING | Conteúdo pode não ser PDF: application/octet-stream da URL https://drive.google.com/uc?export=download&id=1-jPRR_PzFgcFBra5zoqRUfh7KWFoSQcY
2026-09-22 00:32:42,773 |     INFO | Download concluído (41571 bytes) da URL https://drive.google.com/uc?export=download&id=1-jPRR_PzFgcFBra5zoqRUfh7KWFoSQcY
2026-09-22 00:32:42,798 |     INFO | Texto extraído com PyPDF2 (195 caracteres)
2026-09-22 00:32:42,798 |     INFO | Medicamentos EM FALTA (encontrados no PDF): Nenhum
2026-09-22 00:32:42,798 |     INFO | Medicamentos DISPONÍVEIS (NÃO encontrados no PDF): DONEPEZIL 10MG, MEMANTINA 10MG, GALANTAMINA 24MG
2026-09-22 00:32:42,798 |     INFO | ℹ️  Nenhuma mudança no PDF ou no status dos medicamentos detectada. Nenhum e-mail enviado.
2026-09-22 00:32:42,799 |     INFO | Execução concluída em 1.67s
2026-09-22 00:32:42,799 |     INFO | Estado salvo com sucesso
2026-09-22 00:32:42,799 |     INFO | Arquivo temporário dados_monitoramento/temp.pdf removido.
2026-09-22 14:18:22,662 |     INFO | Estado carregado com sucesso. Execução #1058
2026-09-22 14:18:22,662 |     INFO | === SISTEMA DE MONITORAMENTO INICIADO ===
2026-09-22 14:18:22,662 |     INFO | Biblioteca PDF: PyPDF2
2026-09-22 14:18:22,662 |     INFO | Python: 3.11.16 (main, Aug 13 2026, 02:46:14) [GCC 13.3.0]
2026-09-22 14:18:22,662 |     INFO | Arquivo ID: 1-jPRR_PzFgcFBra5zoqRUfh7KWFoSQcY
2026-09-22 14:18:22,662 |     INFO | Medicamentos monitorados: DONEPEZIL 10MG, MEMANTINA 10MG, GALANTAMINA 24MG
2026-09-22 14:18:22,662 |     INFO | Timezone configurado: America/Sao_Paulo
2026-09-22 14:18:22,674 |     INFO | === EXECUÇÃO #1059 INICIADA ===
2026-09-22 14:18:22,674 |     INFO | Tentativa 1 de download...
2026-09-22 14:18:24,287 |  WARNING | Conteúdo pode não ser PDF: application/octet-stream da URL https://drive.google.com/uc?export=download&id=1-jPRR_PzFgcFBra5zoqRUfh7KWFoSQcY
2026-09-22 14:18:24,331 |     INFO | Download concluído (41571 bytes) da URL https://drive.google.com/uc?export=download&id=1-jPRR_PzFgcFBra5zoqRUfh7KWFoSQcY
2026-09-22 14:18:24,354 |     INFO | Texto extraído com PyPDF2 (195 caracteres)
2026-09-22 14:18:24,354 |     INFO | Medicamentos EM FALTA (encontrados no PDF): Nenhum
2026-09-22 14:18:24,354 |     INFO | Medicamentos DISPONÍVEIS (NÃO encontrados no PDF): DONEPEZIL 10MG, MEMANTINA 10MG, GALANTAMINA 24MG
2026-09-22 14:18:24,354 |     INFO | ℹ️  Nenhuma mudança no PDF ou no status dos medicamentos detectada. Nenhum e-mail enviado.
2026-09-22 14:18:24,355 |     INFO | Execução concluída em 1.68s
2026-09-22 14:18:24,355 |     INFO | Estado salvo com sucesso
2026-09-22 14:18:24,355 |     INFO | Arquivo temporário dados_monitoramento/temp.pdf removido.
2026-09-22 23:57:59,185 |     INFO | Estado carregado com sucesso. Execução #1059
2026-09-22 23:57:59,185 |     INFO | === SISTEMA DE MONITORAMENTO INICIADO ===
2026-09-22 23:57:59,185 |     INFO | Biblioteca PDF: PyPDF2
2026-09-22 23:57:59,185 |     INFO | Python: 3.11.16 (main, Aug 13 2026, 02:46:14) [GCC 13.3.0]
2026-09-22 23:57:59,185 |     INFO | Arquivo ID: 1-jPRR_PzFgcFBra5zoqRUfh7KWFoSQcY
2026-09-22 23:57:59,185 |     INFO | Medicamentos monitorados: DONEPEZIL 10MG, MEMANTINA 10MG, GALANTAMINA 24MG
2026-09-22 23:57:59,185 |     INFO | Timezone configurado: America/Sao_Paulo
2026-09-22 23:57:59,196 |     INFO | === EXECUÇÃO #1060 INICIADA ===
2026-09-22 23:57:59,196 |     INFO | Tentativa 1 de download...
2026-09-22 23:58:00,837 |  WARNING | Conteúdo pode não ser PDF: application/octet-stream da URL https://drive.google.com/uc?export=download&id=1-jPRR_PzFgcFBra5zoqRUfh7KWFoSQcY
2026-09-22 23:58:00,857 |     INFO | Download concluído (41571 bytes) da URL https://drive.google.com/uc?export=download&id=1-jPRR_PzFgcFBra5zoqRUfh7KWFoSQcY
2026-09-22 23:58:00,883 |     INFO | Texto extraído com PyPDF2 (195 caracteres)
2026-09-22 23:58:00,883 |     INFO | Medicamentos EM FALTA (encontrados no PDF): Nenhum
2026-09-22 23:58:00,883 |     INFO | Medicamentos DISPONÍVEIS (NÃO encontrados no PDF): DONEPEZIL 10MG, MEMANTINA 10MG, GALANTAMINA 24MG
2026-09-22 23:58:00,883 |     INFO | ℹ️  Nenhuma mudança no PDF ou no status dos medicamentos detectada. Nenhum e-mail enviado.
2026-09-22 23:58:00,883 |     INFO | Execução concluída em 1.69s
2026-09-22 23:58:00,884 |     INFO | Estado salvo com sucesso
2026-09-22 23:58:00,884 |     INFO | Arquivo temporário dados_monitoramento/temp.pdf removido.
2026-09-23 14:37:57,704 |     INFO | Estado carregado com sucesso. Execução #1060
2026-09-23 14:37:57,704 |     INFO | === SISTEMA DE MONITORAMENTO INICIADO ===
2026-09-23 14:37:57,704 |     INFO | Biblioteca PDF: PyPDF2
2026-09-23 14:37:57,704 |     INFO | Python: 3.11.16 (main, Aug 13 2026, 02:46:14) [GCC 13.3.0]
2026-09-23 14:37:57,704 |     INFO | Arquivo ID: 1-jPRR_PzFgcFBra5zoqRUfh7KWFoSQcY
2026-09-23 14:37:57,704 |     INFO | Medicamentos monitorados: DONEPEZIL 10MG, MEMANTINA 10MG, GALANTAMINA 24MG
2026-09-23 14:37:57,704 |     INFO | Timezone configurado: America/Sao_Paulo
2026-09-23 14:37:57,715 |     INFO | === EXECUÇÃO #1061 INICIADA ===
2026-09-23 14:37:57,715 |     INFO | Tentativa 1 de download...
2026-09-23 14:37:59,048 |  WARNING | Conteúdo pode não ser PDF: application/octet-stream da URL https://drive.google.com/uc?export=download&id=1-jPRR_PzFgcFBra5zoqRUfh7KWFoSQcY
2026-09-23 14:37:59,056 |     INFO | Download concluído (41571 bytes) da URL https://drive.google.com/uc?export=download&id=1-jPRR_PzFgcFBra5zoqRUfh7KWFoSQcY
2026-09-23 14:37:59,164 |     INFO | Texto extraído com PyPDF2 (195 caracteres)
2026-09-23 14:37:59,165 |     INFO | Medicamentos EM FALTA (encontrados no PDF): Nenhum
2026-09-23 14:37:59,165 |     INFO | Medicamentos DISPONÍVEIS (NÃO encontrados no PDF): DONEPEZIL 10MG, MEMANTINA 10MG, GALANTAMINA 24MG
2026-09-23 14:37:59,165 |     INFO | ℹ️  Nenhuma mudança no PDF ou no status dos medicamentos detectada. Nenhum e-mail enviado.
2026-09-23 14:37:59,165 |     INFO | Execução concluída em 1.45s
2026-09-23 14:37:59,166 |     INFO | Estado salvo com sucesso
2026-09-23 14:37:59,166 |     INFO | Arquivo temporário dados_monitoramento/temp.pdf removido.
2026-09-24 00:11:45,222 |     INFO | Estado carregado com sucesso. Execução #1061
2026-09-24 00:11:45,222 |     INFO | === SISTEMA DE MONITORAMENTO INICIADO ===
2026-09-24 00:11:45,222 |     INFO | Biblioteca PDF: PyPDF2
2026-09-24 00:11:45,222 |     INFO | Python: 3.11.16 (main, Aug 13 2026, 02:46:14) [GCC 13.3.0]
2026-09-24 00:11:45,222 |     INFO | Arquivo ID: 1-jPRR_PzFgcFBra5zoqRUfh7KWFoSQcY
2026-09-24 00:11:45,222 |     INFO | Medicamentos monitorados: DONEPEZIL 10MG, MEMANTINA 10MG, GALANTAMINA 24MG
2026-09-24 00:11:45,222 |     INFO | Timezone configurado: America/Sao_Paulo
2026-09-24 00:11:45,233 |     INFO | === EXECUÇÃO #1062 INICIADA ===
2026-09-24 00:11:45,233 |     INFO | Tentativa 1 de download...
2026-09-24 00:11:46,722 |  WARNING | Conteúdo pode não ser PDF: application/octet-stream da URL https://drive.google.com/uc?export=download&id=1-jPRR_PzFgcFBra5zoqRUfh7KWFoSQcY
2026-09-24 00:11:46,728 |     INFO | Download concluído (41571 bytes) da URL https://drive.google.com/uc?export=download&id=1-jPRR_PzFgcFBra5zoqRUfh7KWFoSQcY
2026-09-24 00:11:46,753 |     INFO | Texto extraído com PyPDF2 (195 caracteres)
2026-09-24 00:11:46,753 |     INFO | Medicamentos EM FALTA (encontrados no PDF): Nenhum
2026-09-24 00:11:46,753 |     INFO | Medicamentos DISPONÍVEIS (NÃO encontrados no PDF): DONEPEZIL 10MG, MEMANTINA 10MG, GALANTAMINA 24MG
2026-09-24 00:11:46,753 |     INFO | ℹ️  Nenhuma mudança no PDF ou no status dos medicamentos detectada. Nenhum e-mail enviado.
2026-09-24 00:11:46,753 |     INFO | Execução concluída em 1.52s
2026-09-24 00:11:46,754 |     INFO | Estado salvo com sucesso
2026-09-24 00:11:46,754 |     INFO | Arquivo temporário dados_monitoramento/temp.pdf removido.
2026-09-24 14:35:44,470 |     INFO | Estado carregado com sucesso. Execução #1062
2026-09-24 14:35:44,470 |     INFO | === SISTEMA DE MONITORAMENTO INICIADO ===
2026-09-24 14:35:44,470 |     INFO | Biblioteca PDF: PyPDF2
2026-09-24 14:35:44,470 |     INFO | Python: 3.11.16 (main, Aug 13 2026, 02:46:14) [GCC 13.3.0]
2026-09-24 14:35:44,470 |     INFO | Arquivo ID: 1-jPRR_PzFgcFBra5zoqRUfh7KWFoSQcY
2026-09-24 14:35:44,470 |     INFO | Medicamentos monitorados: DONEPEZIL 10MG, MEMANTINA 10MG, GALANTAMINA 24MG
2026-09-24 14:35:44,470 |     INFO | Timezone configurado: America/Sao_Paulo
2026-09-24 14:35:44,481 |     INFO | === EXECUÇÃO #1063 INICIADA ===
2026-09-24 14:35:44,481 |     INFO | Tentativa 1 de download...
2026-09-24 14:35:45,748 |  WARNING | Conteúdo pode não ser PDF: application/octet-stream da URL https://drive.google.com/uc?export=download&id=1-jPRR_PzFgcFBra5zoqRUfh7KWFoSQcY
2026-09-24 14:35:45,751 |     INFO | Download concluído (41571 bytes) da URL https://drive.google.com/uc?export=download&id=1-jPRR_PzFgcFBra5zoqRUfh7KWFoSQcY
2026-09-24 14:35:45,788 |     INFO | Texto extraído com PyPDF2 (195 caracteres)
2026-09-24 14:35:45,789 |     INFO | Medicamentos EM FALTA (encontrados no PDF): Nenhum
2026-09-24 14:35:45,789 |     INFO | Medicamentos DISPONÍVEIS (NÃO encontrados no PDF): DONEPEZIL 10MG, MEMANTINA 10MG, GALANTAMINA 24MG
2026-09-24 14:35:45,789 |     INFO | ℹ️  Nenhuma mudança no PDF ou no status dos medicamentos detectada. Nenhum e-mail enviado.
2026-09-24 14:35:45,789 |     INFO | Execução concluída em 1.31s
2026-09-24 14:35:45,790 |     INFO | Estado salvo com sucesso
2026-09-24 14:35:45,790 |     INFO | Arquivo temporário dados_monitoramento/temp.pdf removido.
2026-09-25 00:14:06,497 |     INFO | Estado carregado com sucesso. Execução #1063
2026-09-25 00:14:06,497 |     INFO | === SISTEMA DE MONITORAMENTO INICIADO ===
2026-09-25 00:14:06,497 |     INFO | Biblioteca PDF: PyPDF2
2026-09-25 00:14:06,497 |     INFO | Python: 3.11.16 (main, Aug 13 2026, 02:46:14) [GCC 13.3.0]
2026-09-25 00:14:06,498 |     INFO | Arquivo ID: 1-jPRR_PzFgcFBra5zoqRUfh7KWFoSQcY
2026-09-25 00:14:06,498 |     INFO | Medicamentos monitorados: DONEPEZIL 10MG, MEMANTINA 10MG, GALANTAMINA 24MG
2026-09-25 00:14:06,498 |     INFO | Timezone configurado: America/Sao_Paulo
2026-09-25 00:14:06,509 |     INFO | === EXECUÇÃO #1064 INICIADA ===
2026-09-25 00:14:06,509 |     INFO | Tentativa 1 de download...
2026-09-25 00:14:07,926 |  WARNING | Conteúdo pode não ser PDF: application/octet-stream da URL https://drive.google.com/uc?export=download&id=1-jPRR_PzFgcFBra5zoqRUfh7KWFoSQcY
2026-09-25 00:14:07,947 |     INFO | Download concluído (41555 bytes) da URL https://drive.google.com/uc?export=download&id=1-jPRR_PzFgcFBra5zoqRUfh7KWFoSQcY
2026-09-25 00:14:07,986 |     INFO | Texto extraído com PyPDF2 (178 caracteres)
2026-09-25 00:14:07,987 |     INFO | Medicamentos EM FALTA (encontrados no PDF): Nenhum
2026-09-25 00:14:07,987 |     INFO | Medicamentos DISPONÍVEIS (NÃO encontrados no PDF): DONEPEZIL 10MG, MEMANTINA 10MG, GALANTAMINA 24MG
2026-09-25 00:14:07,987 |     INFO | ✅ Mudança no conteúdo do PDF detectada. Novo hash: df77c38f2d...
2026-09-25 00:14:10,576 |     INFO | Email enviado com sucesso: TODOS DISPONÍVEIS
2026-09-25 00:14:11,208 |     INFO | ✅ Mensagem enviada para Telegram com sucesso!
2026-09-25 00:14:11,209 |     INFO | ✅ Notificações enviadas com sucesso para E-mail e Telegram!
2026-09-25 00:14:11,210 |     INFO | ✅ Mudança no conteúdo do PDF detectada. Enviando e-mail.
2026-09-25 00:14:11,210 |     INFO | Execução concluída em 4.70s
2026-09-25 00:14:11,211 |     INFO | Estado salvo com sucesso
2026-09-25 00:14:11,211 |     INFO | Arquivo temporário dados_monitoramento/temp.pdf removido.
2026-09-25 14:57:30,666 |     INFO | Estado carregado com sucesso. Execução #1064
2026-09-25 14:57:30,666 |     INFO | === SISTEMA DE MONITORAMENTO INICIADO ===
2026-09-25 14:57:30,666 |     INFO | Biblioteca PDF: PyPDF2
2026-09-25 14:57:30,666 |     INFO | Python: 3.11.16 (main, Aug 13 2026, 02:46:14) [GCC 13.3.0]
2026-09-25 14:57:30,666 |     INFO | Arquivo ID: 1-jPRR_PzFgcFBra5zoqRUfh7KWFoSQcY
2026-09-25 14:57:30,666 |     INFO | Medicamentos monitorados: DONEPEZIL 10MG, MEMANTINA 10MG, GALANTAMINA 24MG
2026-09-25 14:57:30,667 |     INFO | Timezone configurado: America/Sao_Paulo
2026-09-25 14:57:30,676 |     INFO | === EXECUÇÃO #1065 INICIADA ===
2026-09-25 14:57:30,676 |     INFO | Tentativa 1 de download...
2026-09-25 14:57:32,513 |  WARNING | Conteúdo pode não ser PDF: application/octet-stream da URL https://drive.google.com/uc?export=download&id=1-jPRR_PzFgcFBra5zoqRUfh7KWFoSQcY
2026-09-25 14:57:32,527 |     INFO | Download concluído (41555 bytes) da URL https://drive.google.com/uc?export=download&id=1-jPRR_PzFgcFBra5zoqRUfh7KWFoSQcY
2026-09-25 14:57:32,567 |     INFO | Texto extraído com PyPDF2 (178 caracteres)
2026-09-25 14:57:32,568 |     INFO | Medicamentos EM FALTA (encontrados no PDF): Nenhum
2026-09-25 14:57:32,568 |     INFO | Medicamentos DISPONÍVEIS (NÃO encontrados no PDF): DONEPEZIL 10MG, MEMANTINA 10MG, GALANTAMINA 24MG
2026-09-25 14:57:32,568 |     INFO | ℹ️  Nenhuma mudança no PDF ou no status dos medicamentos detectada. Nenhum e-mail enviado.
2026-09-25 14:57:32,568 |     INFO | Execução concluída em 1.89s
2026-09-25 14:57:32,568 |     INFO | Estado salvo com sucesso
2026-09-25 14:57:32,569 |     INFO | Arquivo temporário dados_monitoramento/temp.pdf removido.
2026-09-26 00:20:00,954 |     INFO | Estado carregado com sucesso. Execução #1065
2026-09-26 00:20:00,954 |     INFO | === SISTEMA DE MONITORAMENTO INICIADO ===
2026-09-26 00:20:00,954 |     INFO | Biblioteca PDF: PyPDF2
2026-09-26 00:20:00,954 |     INFO | Python: 3.11.16 (main, Aug 13 2026, 02:46:14) [GCC 13.3.0]
2026-09-26 00:20:00,954 |     INFO | Arquivo ID: 1-jPRR_PzFgcFBra5zoqRUfh7KWFoSQcY
2026-09-26 00:20:00,955 |     INFO | Medicamentos monitorados: DONEPEZIL 10MG, MEMANTINA 10MG, GALANTAMINA 24MG
2026-09-26 00:20:00,955 |     INFO | Timezone configurado: America/Sao_Paulo
2026-09-26 00:20:00,963 |     INFO | === EXECUÇÃO #1066 INICIADA ===
2026-09-26 00:20:00,963 |     INFO | Tentativa 1 de download...
2026-09-26 00:20:02,245 |  WARNING | Conteúdo pode não ser PDF: application/octet-stream da URL https://drive.google.com/uc?export=download&id=1-jPRR_PzFgcFBra5zoqRUfh7KWFoSQcY
2026-09-26 00:20:02,280 |     INFO | Download concluído (41555 bytes) da URL https://drive.google.com/uc?export=download&id=1-jPRR_PzFgcFBra5zoqRUfh7KWFoSQcY
2026-09-26 00:20:02,292 |     INFO | Texto extraído com PyPDF2 (178 caracteres)
2026-09-26 00:20:02,292 |     INFO | Medicamentos EM FALTA (encontrados no PDF): Nenhum
2026-09-26 00:20:02,292 |     INFO | Medicamentos DISPONÍVEIS (NÃO encontrados no PDF): DONEPEZIL 10MG, MEMANTINA 10MG, GALANTAMINA 24MG
2026-09-26 00:20:02,292 |     INFO | ℹ️  Nenhuma mudança no PDF ou no status dos medicamentos detectada. Nenhum e-mail enviado.
2026-09-26 00:20:02,292 |     INFO | Execução concluída em 1.33s
2026-09-26 00:20:02,293 |     INFO | Estado salvo com sucesso
2026-09-26 00:20:02,293 |     INFO | Arquivo temporário dados_monitoramento/temp.pdf removido.
2026-09-26 14:01:36,336 |     INFO | Estado carregado com sucesso. Execução #1066
2026-09-26 14:01:36,336 |     INFO | === SISTEMA DE MONITORAMENTO INICIADO ===
2026-09-26 14:01:36,336 |     INFO | Biblioteca PDF: PyPDF2
2026-09-26 14:01:36,336 |     INFO | Python: 3.11.16 (main, Aug 13 2026, 02:46:14) [GCC 13.3.0]
2026-09-26 14:01:36,336 |     INFO | Arquivo ID: 1-jPRR_PzFgcFBra5zoqRUfh7KWFoSQcY
2026-09-26 14:01:36,336 |     INFO | Medicamentos monitorados: DONEPEZIL 10MG, MEMANTINA 10MG, GALANTAMINA 24MG
2026-09-26 14:01:36,337 |     INFO | Timezone configurado: America/Sao_Paulo
2026-09-26 14:01:36,348 |     INFO | === EXECUÇÃO #1067 INICIADA ===
2026-09-26 14:01:36,348 |     INFO | Tentativa 1 de download...
2026-09-26 14:01:37,563 |  WARNING | Conteúdo pode não ser PDF: application/octet-stream da URL https://drive.google.com/uc?export=download&id=1-jPRR_PzFgcFBra5zoqRUfh7KWFoSQcY
2026-09-26 14:01:37,581 |     INFO | Download concluído (41555 bytes) da URL https://drive.google.com/uc?export=download&id=1-jPRR_PzFgcFBra5zoqRUfh7KWFoSQcY
2026-09-26 14:01:37,604 |     INFO | Texto extraído com PyPDF2 (178 caracteres)
2026-09-26 14:01:37,604 |     INFO | Medicamentos EM FALTA (encontrados no PDF): Nenhum
2026-09-26 14:01:37,605 |     INFO | Medicamentos DISPONÍVEIS (NÃO encontrados no PDF): DONEPEZIL 10MG, MEMANTINA 10MG, GALANTAMINA 24MG
2026-09-26 14:01:37,605 |     INFO | ℹ️  Nenhuma mudança no PDF ou no status dos medicamentos detectada. Nenhum e-mail enviado.
2026-09-26 14:01:37,605 |     INFO | Execução concluída em 1.26s
2026-09-26 14:01:37,605 |     INFO | Estado salvo com sucesso
2026-09-26 14:01:37,605 |     INFO | Arquivo temporário dados_monitoramento/temp.pdf removido.
2026-09-27 00:09:21,428 |     INFO | Estado carregado com sucesso. Execução #1067
2026-09-27 00:09:21,428 |     INFO | === SISTEMA DE MONITORAMENTO INICIADO ===
2026-09-27 00:09:21,428 |     INFO | Biblioteca PDF: PyPDF2
2026-09-27 00:09:21,428 |     INFO | Python: 3.11.16 (main, Aug 13 2026, 02:46:14) [GCC 13.3.0]
2026-09-27 00:09:21,428 |     INFO | Arquivo ID: 1-jPRR_PzFgcFBra5zoqRUfh7KWFoSQcY
2026-09-27 00:09:21,428 |     INFO | Medicamentos monitorados: DONEPEZIL 10MG, MEMANTINA 10MG, GALANTAMINA 24MG
2026-09-27 00:09:21,428 |     INFO | Timezone configurado: America/Sao_Paulo
2026-09-27 00:09:21,434 |     INFO | === EXECUÇÃO #1068 INICIADA ===
2026-09-27 00:09:21,434 |     INFO | Tentativa 1 de download...
2026-09-27 00:09:22,677 |  WARNING | Conteúdo pode não ser PDF: application/octet-stream da URL https://drive.google.com/uc?export=download&id=1-jPRR_PzFgcFBra5zoqRUfh7KWFoSQcY
2026-09-27 00:09:22,719 |     INFO | Download concluído (41555 bytes) da URL https://drive.google.com/uc?export=download&id=1-jPRR_PzFgcFBra5zoqRUfh7KWFoSQcY
2026-09-27 00:09:22,851 |     INFO | Texto extraído com PyPDF2 (178 caracteres)
2026-09-27 00:09:22,852 |     INFO | Medicamentos EM FALTA (encontrados no PDF): Nenhum
2026-09-27 00:09:22,852 |     INFO | Medicamentos DISPONÍVEIS (NÃO encontrados no PDF): DONEPEZIL 10MG, MEMANTINA 10MG, GALANTAMINA 24MG
2026-09-27 00:09:22,852 |     INFO | ℹ️  Nenhuma mudança no PDF ou no status dos medicamentos detectada. Nenhum e-mail enviado.
2026-09-27 00:09:22,852 |     INFO | Execução concluída em 1.42s
2026-09-27 00:09:22,852 |     INFO | Estado salvo com sucesso
2026-09-27 00:09:22,852 |     INFO | Arquivo temporário dados_monitoramento/temp.pdf removido.
2026-09-27 14:57:44,954 |     INFO | Estado carregado com sucesso. Execução #1068
2026-09-27 14:57:44,954 |     INFO | === SISTEMA DE MONITORAMENTO INICIADO ===
2026-09-27 14:57:44,954 |     INFO | Biblioteca PDF: PyPDF2
2026-09-27 14:57:44,954 |     INFO | Python: 3.11.16 (main, Aug 13 2026, 02:46:14) [GCC 13.3.0]
2026-09-27 14:57:44,954 |     INFO | Arquivo ID: 1-jPRR_PzFgcFBra5zoqRUfh7KWFoSQcY
2026-09-27 14:57:44,954 |     INFO | Medicamentos monitorados: DONEPEZIL 10MG, MEMANTINA 10MG, GALANTAMINA 24MG
2026-09-27 14:57:44,954 |     INFO | Timezone configurado: America/Sao_Paulo
2026-09-27 14:57:44,961 |     INFO | === EXECUÇÃO #1069 INICIADA ===
2026-09-27 14:57:44,961 |     INFO | Tentativa 1 de download...
2026-09-27 14:57:46,275 |  WARNING | Conteúdo pode não ser PDF: application/octet-stream da URL https://drive.google.com/uc?export=download&id=1-jPRR_PzFgcFBra5zoqRUfh7KWFoSQcY
2026-09-27 14:57:46,305 |     INFO | Download concluído (41555 bytes) da URL https://drive.google.com/uc?export=download&id=1-jPRR_PzFgcFBra5zoqRUfh7KWFoSQcY
2026-09-27 14:57:46,328 |     INFO | Texto extraído com PyPDF2 (178 caracteres)
2026-09-27 14:57:46,329 |     INFO | Medicamentos EM FALTA (encontrados no PDF): Nenhum
2026-09-27 14:57:46,329 |     INFO | Medicamentos DISPONÍVEIS (NÃO encontrados no PDF): DONEPEZIL 10MG, MEMANTINA 10MG, GALANTAMINA 24MG
2026-09-27 14:57:46,329 |     INFO | ℹ️  Nenhuma mudança no PDF ou no status dos medicamentos detectada. Nenhum e-mail enviado.
2026-09-27 14:57:46,329 |     INFO | Execução concluída em 1.37s
2026-09-27 14:57:46,329 |     INFO | Estado salvo com sucesso
2026-09-27 14:57:46,329 |     INFO | Arquivo temporário dados_monitoramento/temp.pdf removido.
2026-09-28 00:15:58,124 |     INFO | Estado carregado com sucesso. Execução #1069
2026-09-28 00:15:58,124 |     INFO | === SISTEMA DE MONITORAMENTO INICIADO ===
2026-09-28 00:15:58,125 |     INFO | Biblioteca PDF: PyPDF2
2026-09-28 00:15:58,125 |     INFO | Python: 3.11.16 (main, Aug 13 2026, 02:46:14) [GCC 13.3.0]
2026-09-28 00:15:58,125 |     INFO | Arquivo ID: 1-jPRR_PzFgcFBra5zoqRUfh7KWFoSQcY
2026-09-28 00:15:58,125 |     INFO | Medicamentos monitorados: DONEPEZIL 10MG, MEMANTINA 10MG, GALANTAMINA 24MG
2026-09-28 00:15:58,125 |     INFO | Timezone configurado: America/Sao_Paulo
2026-09-28 00:15:58,136 |     INFO | === EXECUÇÃO #1070 INICIADA ===
2026-09-28 00:15:58,136 |     INFO | Tentativa 1 de download...
2026-09-28 00:15:59,438 |  WARNING | Conteúdo pode não ser PDF: application/octet-stream da URL https://drive.google.com/uc?export=download&id=1-jPRR_PzFgcFBra5zoqRUfh7KWFoSQcY
2026-09-28 00:15:59,451 |     INFO | Download concluído (41555 bytes) da URL https://drive.google.com/uc?export=download&id=1-jPRR_PzFgcFBra5zoqRUfh7KWFoSQcY
2026-09-28 00:15:59,475 |     INFO | Texto extraído com PyPDF2 (178 caracteres)
2026-09-28 00:15:59,476 |     INFO | Medicamentos EM FALTA (encontrados no PDF): Nenhum
2026-09-28 00:15:59,476 |     INFO | Medicamentos DISPONÍVEIS (NÃO encontrados no PDF): DONEPEZIL 10MG, MEMANTINA 10MG, GALANTAMINA 24MG
2026-09-28 00:15:59,476 |     INFO | ℹ️  Nenhuma mudança no PDF ou no status dos medicamentos detectada. Nenhum e-mail enviado.
2026-09-28 00:15:59,476 |     INFO | Execução concluída em 1.34s
2026-09-28 00:15:59,477 |     INFO | Estado salvo com sucesso
2026-09-28 00:15:59,477 |     INFO | Arquivo temporário dados_monitoramento/temp.pdf removido.
2026-09-28 17:55:56,735 |     INFO | Estado carregado com sucesso. Execução #1070
2026-09-28 17:55:56,735 |     INFO | === SISTEMA DE MONITORAMENTO INICIADO ===
2026-09-28 17:55:56,735 |     INFO | Biblioteca PDF: PyPDF2
2026-09-28 17:55:56,736 |     INFO | Python: 3.11.16 (main, Aug 13 2026, 02:46:14) [GCC 13.3.0]
2026-09-28 17:55:56,736 |     INFO | Arquivo ID: 1-jPRR_PzFgcFBra5zoqRUfh7KWFoSQcY
2026-09-28 17:55:56,736 |     INFO | Medicamentos monitorados: DONEPEZIL 10MG, MEMANTINA 10MG, GALANTAMINA 24MG
2026-09-28 17:55:56,736 |     INFO | Timezone configurado: America/Sao_Paulo
2026-09-28 17:55:56,747 |     INFO | === EXECUÇÃO #1071 INICIADA ===
2026-09-28 17:55:56,747 |     INFO | Tentativa 1 de download...
2026-09-28 17:55:58,413 |  WARNING | Conteúdo pode não ser PDF: application/octet-stream da URL https://drive.google.com/uc?export=download&id=1-jPRR_PzFgcFBra5zoqRUfh7KWFoSQcY
2026-09-28 17:55:58,421 |     INFO | Download concluído (41555 bytes) da URL https://drive.google.com/uc?export=download&id=1-jPRR_PzFgcFBra5zoqRUfh7KWFoSQcY
2026-09-28 17:55:58,445 |     INFO | Texto extraído com PyPDF2 (178 caracteres)
2026-09-28 17:55:58,446 |     INFO | Medicamentos EM FALTA (encontrados no PDF): Nenhum
2026-09-28 17:55:58,446 |     INFO | Medicamentos DISPONÍVEIS (NÃO encontrados no PDF): DONEPEZIL 10MG, MEMANTINA 10MG, GALANTAMINA 24MG
2026-09-28 17:55:58,446 |     INFO | ℹ️  Nenhuma mudança no PDF ou no status dos medicamentos detectada. Nenhum e-mail enviado.
2026-09-28 17:55:58,446 |     INFO | Execução concluída em 1.70s
2026-09-28 17:55:58,447 |     INFO | Estado salvo com sucesso
2026-09-28 17:55:58,447 |     INFO | Arquivo temporário dados_monitoramento/temp.pdf removido.
2026-09-29 01:25:43,175 |     INFO | Estado carregado com sucesso. Execução #1071
2026-09-29 01:25:43,175 |     INFO | === SISTEMA DE MONITORAMENTO INICIADO ===
2026-09-29 01:25:43,175 |     INFO | Biblioteca PDF: PyPDF2
2026-09-29 01:25:43,175 |     INFO | Python: 3.11.16 (main, Aug 13 2026, 02:46:14) [GCC 13.3.0]
2026-09-29 01:25:43,175 |     INFO | Arquivo ID: 1-jPRR_PzFgcFBra5zoqRUfh7KWFoSQcY
2026-09-29 01:25:43,175 |     INFO | Medicamentos monitorados: DONEPEZIL 10MG, MEMANTINA 10MG, GALANTAMINA 24MG
2026-09-29 01:25:43,175 |     INFO | Timezone configurado: America/Sao_Paulo
2026-09-29 01:25:43,186 |     INFO | === EXECUÇÃO #1072 INICIADA ===
2026-09-29 01:25:43,186 |     INFO | Tentativa 1 de download...
2026-09-29 01:25:44,620 |  WARNING | Conteúdo pode não ser PDF: application/octet-stream da URL https://drive.google.com/uc?export=download&id=1-jPRR_PzFgcFBra5zoqRUfh7KWFoSQcY
2026-09-29 01:25:44,624 |     INFO | Download concluído (41555 bytes) da URL https://drive.google.com/uc?export=download&id=1-jPRR_PzFgcFBra5zoqRUfh7KWFoSQcY
2026-09-29 01:25:44,645 |     INFO | Texto extraído com PyPDF2 (178 caracteres)
2026-09-29 01:25:44,646 |     INFO | Medicamentos EM FALTA (encontrados no PDF): Nenhum
2026-09-29 01:25:44,646 |     INFO | Medicamentos DISPONÍVEIS (NÃO encontrados no PDF): DONEPEZIL 10MG, MEMANTINA 10MG, GALANTAMINA 24MG
2026-09-29 01:25:44,646 |     INFO | ℹ️  Nenhuma mudança no PDF ou no status dos medicamentos detectada. Nenhum e-mail enviado.
2026-09-29 01:25:44,646 |     INFO | Execução concluída em 1.46s
2026-09-29 01:25:44,647 |     INFO | Estado salvo com sucesso
2026-09-29 01:25:44,647 |     INFO | Arquivo temporário dados_monitoramento/temp.pdf removido.
2026-09-29 16:18:15,004 |     INFO | Estado carregado com sucesso. Execução #1072
2026-09-29 16:18:15,004 |     INFO | === SISTEMA DE MONITORAMENTO INICIADO ===
2026-09-29 16:18:15,004 |     INFO | Biblioteca PDF: PyPDF2
2026-09-29 16:18:15,004 |     INFO | Python: 3.11.16 (main, Aug 13 2026, 02:46:14) [GCC 13.3.0]
2026-09-29 16:18:15,004 |     INFO | Arquivo ID: 1-jPRR_PzFgcFBra5zoqRUfh7KWFoSQcY
2026-09-29 16:18:15,004 |     INFO | Medicamentos monitorados: DONEPEZIL 10MG, MEMANTINA 10MG, GALANTAMINA 24MG
2026-09-29 16:18:15,004 |     INFO | Timezone configurado: America/Sao_Paulo
2026-09-29 16:18:15,010 |     INFO | === EXECUÇÃO #1073 INICIADA ===
2026-09-29 16:18:15,010 |     INFO | Tentativa 1 de download...
2026-09-29 16:18:21,038 |  WARNING | Conteúdo pode não ser PDF: application/octet-stream da URL https://drive.google.com/uc?export=download&id=1-jPRR_PzFgcFBra5zoqRUfh7KWFoSQcY
2026-09-29 16:18:21,067 |     INFO | Download concluído (41555 bytes) da URL https://drive.google.com/uc?export=download&id=1-jPRR_PzFgcFBra5zoqRUfh7KWFoSQcY
2026-09-29 16:18:21,087 |     INFO | Texto extraído com PyPDF2 (178 caracteres)
2026-09-29 16:18:21,087 |     INFO | Medicamentos EM FALTA (encontrados no PDF): Nenhum
2026-09-29 16:18:21,087 |     INFO | Medicamentos DISPONÍVEIS (NÃO encontrados no PDF): DONEPEZIL 10MG, MEMANTINA 10MG, GALANTAMINA 24MG
2026-09-29 16:18:21,087 |     INFO | ℹ️  Nenhuma mudança no PDF ou no status dos medicamentos detectada. Nenhum e-mail enviado.
2026-09-29 16:18:21,087 |     INFO | Execução concluída em 6.08s
2026-09-29 16:18:21,088 |     INFO | Estado salvo com sucesso
2026-09-29 16:18:21,088 |     INFO | Arquivo temporário dados_monitoramento/temp.pdf removido.
2026-09-30 01:00:03,724 |     INFO | Estado carregado com sucesso. Execução #1073
2026-09-30 01:00:03,724 |     INFO | === SISTEMA DE MONITORAMENTO INICIADO ===
2026-09-30 01:00:03,724 |     INFO | Biblioteca PDF: PyPDF2
2026-09-30 01:00:03,724 |     INFO | Python: 3.11.16 (main, Aug 13 2026, 02:46:14) [GCC 13.3.0]
2026-09-30 01:00:03,724 |     INFO | Arquivo ID: 1-jPRR_PzFgcFBra5zoqRUfh7KWFoSQcY
2026-09-30 01:00:03,724 |     INFO | Medicamentos monitorados: DONEPEZIL 10MG, MEMANTINA 10MG, GALANTAMINA 24MG
2026-09-30 01:00:03,724 |     INFO | Timezone configurado: America/Sao_Paulo
2026-09-30 01:00:03,735 |     INFO | === EXECUÇÃO #1074 INICIADA ===
2026-09-30 01:00:03,735 |     INFO | Tentativa 1 de download...
2026-09-30 01:00:05,518 |  WARNING | Conteúdo pode não ser PDF: application/octet-stream da URL https://drive.google.com/uc?export=download&id=1-jPRR_PzFgcFBra5zoqRUfh7KWFoSQcY
2026-09-30 01:00:05,519 |     INFO | Download concluído (41555 bytes) da URL https://drive.google.com/uc?export=download&id=1-jPRR_PzFgcFBra5zoqRUfh7KWFoSQcY
2026-09-30 01:00:05,584 |     INFO | Texto extraído com PyPDF2 (178 caracteres)
2026-09-30 01:00:05,584 |     INFO | Medicamentos EM FALTA (encontrados no PDF): Nenhum
2026-09-30 01:00:05,584 |     INFO | Medicamentos DISPONÍVEIS (NÃO encontrados no PDF): DONEPEZIL 10MG, MEMANTINA 10MG, GALANTAMINA 24MG
2026-09-30 01:00:05,584 |     INFO | ℹ️  Nenhuma mudança no PDF ou no status dos medicamentos detectada. Nenhum e-mail enviado.
2026-09-30 01:00:05,585 |     INFO | Execução concluída em 1.85s
2026-09-30 01:00:05,585 |     INFO | Estado salvo com sucesso
2026-09-30 01:00:05,585 |     INFO | Arquivo temporário dados_monitoramento/temp.pdf removido.
2026-09-30 16:13:31,616 |     INFO | Estado carregado com sucesso. Execução #1074
2026-09-30 16:13:31,617 |     INFO | === SISTEMA DE MONITORAMENTO INICIADO ===
2026-09-30 16:13:31,617 |     INFO | Biblioteca PDF: PyPDF2
2026-09-30 16:13:31,617 |     INFO | Python: 3.11.16 (main, Aug 13 2026, 02:46:14) [GCC 13.3.0]
2026-09-30 16:13:31,617 |     INFO | Arquivo ID: 1-jPRR_PzFgcFBra5zoqRUfh7KWFoSQcY
2026-09-30 16:13:31,617 |     INFO | Medicamentos monitorados: DONEPEZIL 10MG, MEMANTINA 10MG, GALANTAMINA 24MG
2026-09-30 16:13:31,617 |     INFO | Timezone configurado: America/Sao_Paulo
2026-09-30 16:13:31,628 |     INFO | === EXECUÇÃO #1075 INICIADA ===
2026-09-30 16:13:31,628 |     INFO | Tentativa 1 de download...
2026-09-30 16:13:33,415 |  WARNING | Conteúdo pode não ser PDF: application/octet-stream da URL https://drive.google.com/uc?export=download&id=1-jPRR_PzFgcFBra5zoqRUfh7KWFoSQcY
2026-09-30 16:13:33,423 |     INFO | Download concluído (41555 bytes) da URL https://drive.google.com/uc?export=download&id=1-jPRR_PzFgcFBra5zoqRUfh7KWFoSQcY
2026-09-30 16:13:33,436 |     INFO | Texto extraído com PyPDF2 (178 caracteres)
2026-09-30 16:13:33,437 |     INFO | Medicamentos EM FALTA (encontrados no PDF): Nenhum
2026-09-30 16:13:33,437 |     INFO | Medicamentos DISPONÍVEIS (NÃO encontrados no PDF): DONEPEZIL 10MG, MEMANTINA 10MG, GALANTAMINA 24MG
2026-09-30 16:13:33,437 |     INFO | ℹ️  Nenhuma mudança no PDF ou no status dos medicamentos detectada. Nenhum e-mail enviado.
2026-09-30 16:13:33,437 |     INFO | Execução concluída em 1.81s
2026-09-30 16:13:33,438 |     INFO | Estado salvo com sucesso
2026-09-30 16:13:33,438 |     INFO | Arquivo temporário dados_monitoramento/temp.pdf removido.
2026-10-01 01:01:47,381 |     INFO | Estado carregado com sucesso. Execução #1075
2026-10-01 01:01:47,381 |     INFO | === SISTEMA DE MONITORAMENTO INICIADO ===
2026-10-01 01:01:47,382 |     INFO | Biblioteca PDF: PyPDF2
2026-10-01 01:01:47,382 |     INFO | Python: 3.11.16 (main, Aug 13 2026, 02:46:14) [GCC 13.3.0]
2026-10-01 01:01:47,382 |     INFO | Arquivo ID: 1-jPRR_PzFgcFBra5zoqRUfh7KWFoSQcY
2026-10-01 01:01:47,382 |     INFO | Medicamentos monitorados: DONEPEZIL 10MG, MEMANTINA 10MG, GALANTAMINA 24MG
2026-10-01 01:01:47,382 |     INFO | Timezone configurado: America/Sao_Paulo
2026-10-01 01:01:47,393 |     INFO | === EXECUÇÃO #1076 INICIADA ===
2026-10-01 01:01:47,393 |     INFO | Tentativa 1 de download...
2026-10-01 01:01:49,019 |  WARNING | Conteúdo pode não ser PDF: application/octet-stream da URL https://drive.google.com/uc?export=download&id=1-jPRR_PzFgcFBra5zoqRUfh7KWFoSQcY
2026-10-01 01:01:49,043 |     INFO | Download concluído (41555 bytes) da URL https://drive.google.com/uc?export=download&id=1-jPRR_PzFgcFBra5zoqRUfh7KWFoSQcY
2026-10-01 01:01:49,084 |     INFO | Texto extraído com PyPDF2 (178 caracteres)
2026-10-01 01:01:49,085 |     INFO | Medicamentos EM FALTA (encontrados no PDF): Nenhum
2026-10-01 01:01:49,085 |     INFO | Medicamentos DISPONÍVEIS (NÃO encontrados no PDF): DONEPEZIL 10MG, MEMANTINA 10MG, GALANTAMINA 24MG
2026-10-01 01:01:49,085 |     INFO | ℹ️  Nenhuma mudança no PDF ou no status dos medicamentos detectada. Nenhum e-mail enviado.
2026-10-01 01:01:49,085 |     INFO | Execução concluída em 1.69s
2026-10-01 01:01:49,085 |     INFO | Estado salvo com sucesso
2026-10-01 01:01:49,086 |     INFO | Arquivo temporário dados_monitoramento/temp.pdf removido.
2026-10-01 16:50:54,868 |     INFO | Estado carregado com sucesso. Execução #1076
2026-10-01 16:50:54,868 |     INFO | === SISTEMA DE MONITORAMENTO INICIADO ===
2026-10-01 16:50:54,868 |     INFO | Biblioteca PDF: PyPDF2
2026-10-01 16:50:54,868 |     INFO | Python: 3.11.16 (main, Aug 13 2026, 02:46:14) [GCC 13.3.0]
2026-10-01 16:50:54,868 |     INFO | Arquivo ID: 1-jPRR_PzFgcFBra5zoqRUfh7KWFoSQcY
2026-10-01 16:50:54,869 |     INFO | Medicamentos monitorados: DONEPEZIL 10MG, MEMANTINA 10MG, GALANTAMINA 24MG
2026-10-01 16:50:54,869 |     INFO | Timezone configurado: America/Sao_Paulo
2026-10-01 16:50:54,875 |     INFO | === EXECUÇÃO #1077 INICIADA ===
2026-10-01 16:50:54,875 |     INFO | Tentativa 1 de download...
2026-10-01 16:50:56,513 |  WARNING | Conteúdo pode não ser PDF: application/octet-stream da URL https://drive.google.com/uc?export=download&id=1-jPRR_PzFgcFBra5zoqRUfh7KWFoSQcY
2026-10-01 16:50:56,551 |     INFO | Download concluído (41534 bytes) da URL https://drive.google.com/uc?export=download&id=1-jPRR_PzFgcFBra5zoqRUfh7KWFoSQcY
2026-10-01 16:50:56,662 |     INFO | Texto extraído com PyPDF2 (161 caracteres)
2026-10-01 16:50:56,662 |     INFO | Medicamentos EM FALTA (encontrados no PDF): Nenhum
2026-10-01 16:50:56,662 |     INFO | Medicamentos DISPONÍVEIS (NÃO encontrados no PDF): DONEPEZIL 10MG, MEMANTINA 10MG, GALANTAMINA 24MG
2026-10-01 16:50:56,662 |     INFO | ✅ Mudança no conteúdo do PDF detectada. Novo hash: 127324a92d...
2026-10-01 16:50:58,507 |     INFO | Email enviado com sucesso: TODOS DISPONÍVEIS
2026-10-01 16:50:59,044 |     INFO | ✅ Mensagem enviada para Telegram com sucesso!
2026-10-01 16:50:59,045 |     INFO | ✅ Notificações enviadas com sucesso para E-mail e Telegram!
2026-10-01 16:50:59,046 |     INFO | ✅ Mudança no conteúdo do PDF detectada. Enviando e-mail.
2026-10-01 16:50:59,046 |     INFO | Execução concluída em 4.17s
2026-10-01 16:50:59,046 |     INFO | Estado salvo com sucesso
2026-10-01 16:50:59,047 |     INFO | Arquivo temporário dados_monitoramento/temp.pdf removido.
2026-10-02 01:15:42,634 |     INFO | Estado carregado com sucesso. Execução #1077
2026-10-02 01:15:42,634 |     INFO | === SISTEMA DE MONITORAMENTO INICIADO ===
2026-10-02 01:15:42,634 |     INFO | Biblioteca PDF: PyPDF2
2026-10-02 01:15:42,634 |     INFO | Python: 3.11.16 (main, Aug 13 2026, 02:46:14) [GCC 13.3.0]
2026-10-02 01:15:42,634 |     INFO | Arquivo ID: 1-jPRR_PzFgcFBra5zoqRUfh7KWFoSQcY
2026-10-02 01:15:42,634 |     INFO | Medicamentos monitorados: DONEPEZIL 10MG, MEMANTINA 10MG, GALANTAMINA 24MG
2026-10-02 01:15:42,634 |     INFO | Timezone configurado: America/Sao_Paulo
2026-10-02 01:15:42,645 |     INFO | === EXECUÇÃO #1078 INICIADA ===
2026-10-02 01:15:42,645 |     INFO | Tentativa 1 de download...
2026-10-02 01:15:44,377 |  WARNING | Conteúdo pode não ser PDF: application/octet-stream da URL https://drive.google.com/uc?export=download&id=1-jPRR_PzFgcFBra5zoqRUfh7KWFoSQcY
2026-10-02 01:15:44,394 |     INFO | Download concluído (42026 bytes) da URL https://drive.google.com/uc?export=download&id=1-jPRR_PzFgcFBra5zoqRUfh7KWFoSQcY
2026-10-02 01:15:44,448 |     INFO | Texto extraído com PyPDF2 (193 caracteres)
2026-10-02 01:15:44,449 |     INFO | Medicamentos EM FALTA (encontrados no PDF): Nenhum
2026-10-02 01:15:44,449 |     INFO | Medicamentos DISPONÍVEIS (NÃO encontrados no PDF): DONEPEZIL 10MG, MEMANTINA 10MG, GALANTAMINA 24MG
2026-10-02 01:15:44,449 |     INFO | ✅ Mudança no conteúdo do PDF detectada. Novo hash: 5eb5df6926...
2026-10-02 01:15:46,532 |     INFO | Email enviado com sucesso: TODOS DISPONÍVEIS
2026-10-02 01:15:47,071 |     INFO | ✅ Mensagem enviada para Telegram com sucesso!
2026-10-02 01:15:47,072 |     INFO | ✅ Notificações enviadas com sucesso para E-mail e Telegram!
2026-10-02 01:15:47,072 |     INFO | ✅ Mudança no conteúdo do PDF detectada. Enviando e-mail.
2026-10-02 01:15:47,072 |     INFO | Execução concluída em 4.43s
2026-10-02 01:15:47,073 |     INFO | Estado salvo com sucesso
2026-10-02 01:15:47,073 |     INFO | Arquivo temporário dados_monitoramento/temp.pdf removido.
2026-10-02 16:03:46,621 |     INFO | Estado carregado com sucesso. Execução #1078
2026-10-02 16:03:46,621 |     INFO | === SISTEMA DE MONITORAMENTO INICIADO ===
2026-10-02 16:03:46,621 |     INFO | Biblioteca PDF: PyPDF2
2026-10-02 16:03:46,621 |     INFO | Python: 3.11.16 (main, Aug 13 2026, 02:46:14) [GCC 13.3.0]
2026-10-02 16:03:46,622 |     INFO | Arquivo ID: 1-jPRR_PzFgcFBra5zoqRUfh7KWFoSQcY
2026-10-02 16:03:46,622 |     INFO | Medicamentos monitorados: DONEPEZIL 10MG, MEMANTINA 10MG, GALANTAMINA 24MG
2026-10-02 16:03:46,622 |     INFO | Timezone configurado: America/Sao_Paulo
2026-10-02 16:03:46,632 |     INFO | === EXECUÇÃO #1079 INICIADA ===
2026-10-02 16:03:46,633 |     INFO | Tentativa 1 de download...
2026-10-02 16:03:48,366 |  WARNING | Conteúdo pode não ser PDF: application/octet-stream da URL https://drive.google.com/uc?export=download&id=1-jPRR_PzFgcFBra5zoqRUfh7KWFoSQcY
2026-10-02 16:03:48,385 |     INFO | Download concluído (42167 bytes) da URL https://drive.google.com/uc?export=download&id=1-jPRR_PzFgcFBra5zoqRUfh7KWFoSQcY
2026-10-02 16:03:48,403 |     INFO | Texto extraído com PyPDF2 (213 caracteres)
2026-10-02 16:03:48,404 |     INFO | Medicamentos EM FALTA (encontrados no PDF): Nenhum
2026-10-02 16:03:48,404 |     INFO | Medicamentos DISPONÍVEIS (NÃO encontrados no PDF): DONEPEZIL 10MG, MEMANTINA 10MG, GALANTAMINA 24MG
2026-10-02 16:03:48,404 |     INFO | ✅ Mudança no conteúdo do PDF detectada. Novo hash: 498e803ea3...
2026-10-02 16:03:50,908 |     INFO | Email enviado com sucesso: TODOS DISPONÍVEIS
2026-10-02 16:03:51,670 |     INFO | ✅ Mensagem enviada para Telegram com sucesso!
2026-10-02 16:03:51,671 |     INFO | ✅ Notificações enviadas com sucesso para E-mail e Telegram!
2026-10-02 16:03:51,672 |     INFO | ✅ Mudança no conteúdo do PDF detectada. Enviando e-mail.
2026-10-02 16:03:51,672 |     INFO | Execução concluída em 5.04s
2026-10-02 16:03:51,675 |     INFO | Estado salvo com sucesso
2026-10-02 16:03:51,675 |     INFO | Arquivo temporário dados_monitoramento/temp.pdf removido.
2026-10-03 00:53:37,261 |     INFO | Estado carregado com sucesso. Execução #1079
2026-10-03 00:53:37,261 |     INFO | === SISTEMA DE MONITORAMENTO INICIADO ===
2026-10-03 00:53:37,261 |     INFO | Biblioteca PDF: PyPDF2
2026-10-03 00:53:37,261 |     INFO | Python: 3.11.16 (main, Aug 13 2026, 02:46:14) [GCC 13.3.0]
2026-10-03 00:53:37,261 |     INFO | Arquivo ID: 1-jPRR_PzFgcFBra5zoqRUfh7KWFoSQcY
2026-10-03 00:53:37,261 |     INFO | Medicamentos monitorados: DONEPEZIL 10MG, MEMANTINA 10MG, GALANTAMINA 24MG
2026-10-03 00:53:37,261 |     INFO | Timezone configurado: America/Sao_Paulo
2026-10-03 00:53:37,268 |     INFO | === EXECUÇÃO #1080 INICIADA ===
2026-10-03 00:53:37,268 |     INFO | Tentativa 1 de download...
2026-10-03 00:53:38,893 |  WARNING | Conteúdo pode não ser PDF: application/octet-stream da URL https://drive.google.com/uc?export=download&id=1-jPRR_PzFgcFBra5zoqRUfh7KWFoSQcY
2026-10-03 00:53:38,926 |     INFO | Download concluído (42167 bytes) da URL https://drive.google.com/uc?export=download&id=1-jPRR_PzFgcFBra5zoqRUfh7KWFoSQcY
2026-10-03 00:53:38,986 |     INFO | Texto extraído com PyPDF2 (213 caracteres)
2026-10-03 00:53:38,986 |     INFO | Medicamentos EM FALTA (encontrados no PDF): Nenhum
2026-10-03 00:53:38,986 |     INFO | Medicamentos DISPONÍVEIS (NÃO encontrados no PDF): DONEPEZIL 10MG, MEMANTINA 10MG, GALANTAMINA 24MG
2026-10-03 00:53:38,987 |     INFO | ℹ️  Nenhuma mudança no PDF ou no status dos medicamentos detectada. Nenhum e-mail enviado.
2026-10-03 00:53:38,987 |     INFO | Execução concluída em 1.72s
2026-10-03 00:53:38,987 |     INFO | Estado salvo com sucesso
2026-10-03 00:53:38,987 |     INFO | Arquivo temporário dados_monitoramento/temp.pdf removido.
2026-10-03 14:31:58,739 |     INFO | Estado carregado com sucesso. Execução #1080
2026-10-03 14:31:58,739 |     INFO | === SISTEMA DE MONITORAMENTO INICIADO ===
2026-10-03 14:31:58,739 |     INFO | Biblioteca PDF: PyPDF2
2026-10-03 14:31:58,739 |     INFO | Python: 3.11.16 (main, Aug 13 2026, 02:46:14) [GCC 13.3.0]
2026-10-03 14:31:58,740 |     INFO | Arquivo ID: 1-jPRR_PzFgcFBra5zoqRUfh7KWFoSQcY
2026-10-03 14:31:58,740 |     INFO | Medicamentos monitorados: DONEPEZIL 10MG, MEMANTINA 10MG, GALANTAMINA 24MG
2026-10-03 14:31:58,740 |     INFO | Timezone configurado: America/Sao_Paulo
2026-10-03 14:31:58,751 |     INFO | === EXECUÇÃO #1081 INICIADA ===
2026-10-03 14:31:58,751 |     INFO | Tentativa 1 de download...
2026-10-03 14:32:00,620 |  WARNING | Conteúdo pode não ser PDF: application/octet-stream da URL https://drive.google.com/uc?export=download&id=1-jPRR_PzFgcFBra5zoqRUfh7KWFoSQcY
2026-10-03 14:32:00,621 |     INFO | Download concluído (42167 bytes) da URL https://drive.google.com/uc?export=download&id=1-jPRR_PzFgcFBra5zoqRUfh7KWFoSQcY
2026-10-03 14:32:00,645 |     INFO | Texto extraído com PyPDF2 (213 caracteres)
2026-10-03 14:32:00,645 |     INFO | Medicamentos EM FALTA (encontrados no PDF): Nenhum
2026-10-03 14:32:00,645 |     INFO | Medicamentos DISPONÍVEIS (NÃO encontrados no PDF): DONEPEZIL 10MG, MEMANTINA 10MG, GALANTAMINA 24MG
2026-10-03 14:32:00,645 |     INFO | ℹ️  Nenhuma mudança no PDF ou no status dos medicamentos detectada. Nenhum e-mail enviado.
2026-10-03 14:32:00,645 |     INFO | Execução concluída em 1.89s
2026-10-03 14:32:00,646 |     INFO | Estado salvo com sucesso
2026-10-03 14:32:00,646 |     INFO | Arquivo temporário dados_monitoramento/temp.pdf removido.
2026-10-04 00:19:55,454 |     INFO | Estado carregado com sucesso. Execução #1081
2026-10-04 00:19:55,454 |     INFO | === SISTEMA DE MONITORAMENTO INICIADO ===
2026-10-04 00:19:55,454 |     INFO | Biblioteca PDF: PyPDF2
2026-10-04 00:19:55,454 |     INFO | Python: 3.11.16 (main, Aug 13 2026, 02:46:14) [GCC 13.3.0]
2026-10-04 00:19:55,454 |     INFO | Arquivo ID: 1-jPRR_PzFgcFBra5zoqRUfh7KWFoSQcY
2026-10-04 00:19:55,454 |     INFO | Medicamentos monitorados: DONEPEZIL 10MG, MEMANTINA 10MG, GALANTAMINA 24MG
2026-10-04 00:19:55,454 |     INFO | Timezone configurado: America/Sao_Paulo
2026-10-04 00:19:55,460 |     INFO | === EXECUÇÃO #1082 INICIADA ===
2026-10-04 00:19:55,460 |     INFO | Tentativa 1 de download...
2026-10-04 00:19:57,017 |  WARNING | Conteúdo pode não ser PDF: application/octet-stream da URL https://drive.google.com/uc?export=download&id=1-jPRR_PzFgcFBra5zoqRUfh7KWFoSQcY
2026-10-04 00:19:57,051 |     INFO | Download concluído (42167 bytes) da URL https://drive.google.com/uc?export=download&id=1-jPRR_PzFgcFBra5zoqRUfh7KWFoSQcY
2026-10-04 00:19:57,080 |     INFO | Texto extraído com PyPDF2 (213 caracteres)
2026-10-04 00:19:57,080 |     INFO | Medicamentos EM FALTA (encontrados no PDF): Nenhum
2026-10-04 00:19:57,080 |     INFO | Medicamentos DISPONÍVEIS (NÃO encontrados no PDF): DONEPEZIL 10MG, MEMANTINA 10MG, GALANTAMINA 24MG
2026-10-04 00:19:57,080 |     INFO | ℹ️  Nenhuma mudança no PDF ou no status dos medicamentos detectada. Nenhum e-mail enviado.
2026-10-04 00:19:57,080 |     INFO | Execução concluída em 1.62s
2026-10-04 00:19:57,080 |     INFO | Estado salvo com sucesso
2026-10-04 00:19:57,081 |     INFO | Arquivo temporário dados_monitoramento/temp.pdf removido.
2026-10-04 15:06:14,642 |     INFO | Estado carregado com sucesso. Execução #1082
2026-10-04 15:06:14,642 |     INFO | === SISTEMA DE MONITORAMENTO INICIADO ===
2026-10-04 15:06:14,642 |     INFO | Biblioteca PDF: PyPDF2
2026-10-04 15:06:14,642 |     INFO | Python: 3.11.16 (main, Aug 13 2026, 02:46:14) [GCC 13.3.0]
2026-10-04 15:06:14,642 |     INFO | Arquivo ID: 1-jPRR_PzFgcFBra5zoqRUfh7KWFoSQcY
2026-10-04 15:06:14,642 |     INFO | Medicamentos monitorados: DONEPEZIL 10MG, MEMANTINA 10MG, GALANTAMINA 24MG
2026-10-04 15:06:14,642 |     INFO | Timezone configurado: America/Sao_Paulo
2026-10-04 15:06:14,653 |     INFO | === EXECUÇÃO #1083 INICIADA ===
2026-10-04 15:06:14,653 |     INFO | Tentativa 1 de download...
2026-10-04 15:06:16,272 |  WARNING | Conteúdo pode não ser PDF: application/octet-stream da URL https://drive.google.com/uc?export=download&id=1-jPRR_PzFgcFBra5zoqRUfh7KWFoSQcY
2026-10-04 15:06:16,289 |     INFO | Download concluído (42167 bytes) da URL https://drive.google.com/uc?export=download&id=1-jPRR_PzFgcFBra5zoqRUfh7KWFoSQcY
2026-10-04 15:06:16,308 |     INFO | Texto extraído com PyPDF2 (213 caracteres)
2026-10-04 15:06:16,309 |     INFO | Medicamentos EM FALTA (encontrados no PDF): Nenhum
2026-10-04 15:06:16,309 |     INFO | Medicamentos DISPONÍVEIS (NÃO encontrados no PDF): DONEPEZIL 10MG, MEMANTINA 10MG, GALANTAMINA 24MG
2026-10-04 15:06:16,309 |     INFO | ℹ️  Nenhuma mudança no PDF ou no status dos medicamentos detectada. Nenhum e-mail enviado.
2026-10-04 15:06:16,309 |     INFO | Execução concluída em 1.66s
2026-10-04 15:06:16,310 |     INFO | Estado salvo com sucesso
2026-10-04 15:06:16,310 |     INFO | Arquivo temporário dados_monitoramento/temp.pdf removido.
2026-10-05 00:23:57,998 |     INFO | Estado carregado com sucesso. Execução #1083
2026-10-05 00:23:57,998 |     INFO | === SISTEMA DE MONITORAMENTO INICIADO ===
2026-10-05 00:23:57,998 |     INFO | Biblioteca PDF: PyPDF2
2026-10-05 00:23:57,998 |     INFO | Python: 3.11.16 (main, Aug 13 2026, 02:46:14) [GCC 13.3.0]
2026-10-05 00:23:57,998 |     INFO | Arquivo ID: 1-jPRR_PzFgcFBra5zoqRUfh7KWFoSQcY
2026-10-05 00:23:57,998 |     INFO | Medicamentos monitorados: DONEPEZIL 10MG, MEMANTINA 10MG, GALANTAMINA 24MG
2026-10-05 00:23:57,998 |     INFO | Timezone configurado: America/Sao_Paulo
2026-10-05 00:23:58,007 |     INFO | === EXECUÇÃO #1084 INICIADA ===
2026-10-05 00:23:58,007 |     INFO | Tentativa 1 de download...
2026-10-05 00:23:59,651 |  WARNING | Conteúdo pode não ser PDF: application/octet-stream da URL https://drive.google.com/uc?export=download&id=1-jPRR_PzFgcFBra5zoqRUfh7KWFoSQcY
2026-10-05 00:23:59,666 |     INFO | Download concluído (42167 bytes) da URL https://drive.google.com/uc?export=download&id=1-jPRR_PzFgcFBra5zoqRUfh7KWFoSQcY
2026-10-05 00:23:59,677 |     INFO | Texto extraído com PyPDF2 (213 caracteres)
2026-10-05 00:23:59,677 |     INFO | Medicamentos EM FALTA (encontrados no PDF): Nenhum
2026-10-05 00:23:59,677 |     INFO | Medicamentos DISPONÍVEIS (NÃO encontrados no PDF): DONEPEZIL 10MG, MEMANTINA 10MG, GALANTAMINA 24MG
2026-10-05 00:23:59,677 |     INFO | ℹ️  Nenhuma mudança no PDF ou no status dos medicamentos detectada. Nenhum e-mail enviado.
2026-10-05 00:23:59,677 |     INFO | Execução concluída em 1.67s
2026-10-05 00:23:59,678 |     INFO | Estado salvo com sucesso
2026-10-05 00:23:59,678 |     INFO | Arquivo temporário dados_monitoramento/temp.pdf removido.
2026-10-05 19:01:26,446 |     INFO | Estado carregado com sucesso. Execução #1084
2026-10-05 19:01:26,446 |     INFO | === SISTEMA DE MONITORAMENTO INICIADO ===
2026-10-05 19:01:26,446 |     INFO | Biblioteca PDF: PyPDF2
2026-10-05 19:01:26,446 |     INFO | Python: 3.11.16 (main, Aug 13 2026, 02:46:14) [GCC 13.3.0]
2026-10-05 19:01:26,446 |     INFO | Arquivo ID: 1-jPRR_PzFgcFBra5zoqRUfh7KWFoSQcY
2026-10-05 19:01:26,446 |     INFO | Medicamentos monitorados: DONEPEZIL 10MG, MEMANTINA 10MG, GALANTAMINA 24MG
2026-10-05 19:01:26,446 |     INFO | Timezone configurado: America/Sao_Paulo
2026-10-05 19:01:26,453 |     INFO | === EXECUÇÃO #1085 INICIADA ===
2026-10-05 19:01:26,453 |     INFO | Tentativa 1 de download...
2026-10-05 19:01:28,067 |  WARNING | Conteúdo pode não ser PDF: application/octet-stream da URL https://drive.google.com/uc?export=download&id=1-jPRR_PzFgcFBra5zoqRUfh7KWFoSQcY
2026-10-05 19:01:28,100 |     INFO | Download concluído (41680 bytes) da URL https://drive.google.com/uc?export=download&id=1-jPRR_PzFgcFBra5zoqRUfh7KWFoSQcY
2026-10-05 19:01:28,113 |     INFO | Texto extraído com PyPDF2 (181 caracteres)
2026-10-05 19:01:28,114 |     INFO | Medicamentos EM FALTA (encontrados no PDF): Nenhum
2026-10-05 19:01:28,114 |     INFO | Medicamentos DISPONÍVEIS (NÃO encontrados no PDF): DONEPEZIL 10MG, MEMANTINA 10MG, GALANTAMINA 24MG
2026-10-05 19:01:28,114 |     INFO | ✅ Mudança no conteúdo do PDF detectada. Novo hash: 50ae95f236...
2026-10-05 19:01:30,066 |     INFO | Email enviado com sucesso: TODOS DISPONÍVEIS
2026-10-05 19:01:31,086 |     INFO | ✅ Mensagem enviada para Telegram com sucesso!
2026-10-05 19:01:31,086 |     INFO | ✅ Notificações enviadas com sucesso para E-mail e Telegram!
2026-10-05 19:01:31,086 |     INFO | ✅ Mudança no conteúdo do PDF detectada. Enviando e-mail.
2026-10-05 19:01:31,086 |     INFO | Execução concluída em 4.63s
2026-10-05 19:01:31,087 |     INFO | Estado salvo com sucesso
2026-10-05 19:01:31,087 |     INFO | Arquivo temporário dados_monitoramento/temp.pdf removido.
2026-10-06 02:01:37,499 |     INFO | Estado carregado com sucesso. Execução #1085
2026-10-06 02:01:37,499 |     INFO | === SISTEMA DE MONITORAMENTO INICIADO ===
2026-10-06 02:01:37,499 |     INFO | Biblioteca PDF: PyPDF2
2026-10-06 02:01:37,499 |     INFO | Python: 3.11.16 (main, Aug 13 2026, 02:46:14) [GCC 13.3.0]
2026-10-06 02:01:37,499 |     INFO | Arquivo ID: 1-jPRR_PzFgcFBra5zoqRUfh7KWFoSQcY
2026-10-06 02:01:37,500 |     INFO | Medicamentos monitorados: DONEPEZIL 10MG, MEMANTINA 10MG, GALANTAMINA 24MG
2026-10-06 02:01:37,500 |     INFO | Timezone configurado: America/Sao_Paulo
2026-10-06 02:01:37,511 |     INFO | === EXECUÇÃO #1086 INICIADA ===
2026-10-06 02:01:37,511 |     INFO | Tentativa 1 de download...
2026-10-06 02:01:38,800 |  WARNING | Conteúdo pode não ser PDF: application/octet-stream da URL https://drive.google.com/uc?export=download&id=1-jPRR_PzFgcFBra5zoqRUfh7KWFoSQcY
2026-10-06 02:01:38,802 |     INFO | Download concluído (41680 bytes) da URL https://drive.google.com/uc?export=download&id=1-jPRR_PzFgcFBra5zoqRUfh7KWFoSQcY
2026-10-06 02:01:38,826 |     INFO | Texto extraído com PyPDF2 (181 caracteres)
2026-10-06 02:01:38,827 |     INFO | Medicamentos EM FALTA (encontrados no PDF): Nenhum
2026-10-06 02:01:38,827 |     INFO | Medicamentos DISPONÍVEIS (NÃO encontrados no PDF): DONEPEZIL 10MG, MEMANTINA 10MG, GALANTAMINA 24MG
2026-10-06 02:01:38,827 |     INFO | ℹ️  Nenhuma mudança no PDF ou no status dos medicamentos detectada. Nenhum e-mail enviado.
2026-10-06 02:01:38,827 |     INFO | Execução concluída em 1.32s
2026-10-06 02:01:38,828 |     INFO | Estado salvo com sucesso
2026-10-06 02:01:38,828 |     INFO | Arquivo temporário dados_monitoramento/temp.pdf removido.
2026-10-06 16:27:48,895 |     INFO | Estado carregado com sucesso. Execução #1086
2026-10-06 16:27:48,895 |     INFO | === SISTEMA DE MONITORAMENTO INICIADO ===
2026-10-06 16:27:48,895 |     INFO | Biblioteca PDF: PyPDF2
2026-10-06 16:27:48,896 |     INFO | Python: 3.11.16 (main, Aug 13 2026, 02:46:14) [GCC 13.3.0]
2026-10-06 16:27:48,896 |     INFO | Arquivo ID: 1-jPRR_PzFgcFBra5zoqRUfh7KWFoSQcY
2026-10-06 16:27:48,896 |     INFO | Medicamentos monitorados: DONEPEZIL 10MG, MEMANTINA 10MG, GALANTAMINA 24MG
2026-10-06 16:27:48,896 |     INFO | Timezone configurado: America/Sao_Paulo
2026-10-06 16:27:48,903 |     INFO | === EXECUÇÃO #1087 INICIADA ===
2026-10-06 16:27:48,903 |     INFO | Tentativa 1 de download...
2026-10-06 16:27:50,668 |  WARNING | Conteúdo pode não ser PDF: application/octet-stream da URL https://drive.google.com/uc?export=download&id=1-jPRR_PzFgcFBra5zoqRUfh7KWFoSQcY
2026-10-06 16:27:50,705 |     INFO | Download concluído (42129 bytes) da URL https://drive.google.com/uc?export=download&id=1-jPRR_PzFgcFBra5zoqRUfh7KWFoSQcY
2026-10-06 16:27:50,729 |     INFO | Texto extraído com PyPDF2 (266 caracteres)
2026-10-06 16:27:50,729 |     INFO | Medicamentos EM FALTA (encontrados no PDF): Nenhum
2026-10-06 16:27:50,729 |     INFO | Medicamentos DISPONÍVEIS (NÃO encontrados no PDF): DONEPEZIL 10MG, MEMANTINA 10MG, GALANTAMINA 24MG
2026-10-06 16:27:50,729 |     INFO | ✅ Mudança no conteúdo do PDF detectada. Novo hash: ce7a36ad43...
2026-10-06 16:27:52,764 |     INFO | Email enviado com sucesso: TODOS DISPONÍVEIS
2026-10-06 16:27:53,387 |     INFO | ✅ Mensagem enviada para Telegram com sucesso!
2026-10-06 16:27:53,388 |     INFO | ✅ Notificações enviadas com sucesso para E-mail e Telegram!
2026-10-06 16:27:53,389 |     INFO | ✅ Mudança no conteúdo do PDF detectada. Enviando e-mail.
2026-10-06 16:27:53,389 |     INFO | Execução concluída em 4.49s
2026-10-06 16:27:53,390 |     INFO | Estado salvo com sucesso
2026-10-06 16:27:53,390 |     INFO | Arquivo temporário dados_monitoramento/temp.pdf removido.
2026-10-07 01:11:12,638 |     INFO | Estado carregado com sucesso. Execução #1087
2026-10-07 01:11:12,638 |     INFO | === SISTEMA DE MONITORAMENTO INICIADO ===
2026-10-07 01:11:12,638 |     INFO | Biblioteca PDF: PyPDF2
2026-10-07 01:11:12,638 |     INFO | Python: 3.11.16 (main, Aug 13 2026, 02:46:14) [GCC 13.3.0]
2026-10-07 01:11:12,638 |     INFO | Arquivo ID: 1-jPRR_PzFgcFBra5zoqRUfh7KWFoSQcY
2026-10-07 01:11:12,638 |     INFO | Medicamentos monitorados: DONEPEZIL 10MG, MEMANTINA 10MG, GALANTAMINA 24MG
2026-10-07 01:11:12,638 |     INFO | Timezone configurado: America/Sao_Paulo
2026-10-07 01:11:12,649 |     INFO | === EXECUÇÃO #1088 INICIADA ===
2026-10-07 01:11:12,649 |     INFO | Tentativa 1 de download...
2026-10-07 01:11:14,374 |  WARNING | Conteúdo pode não ser PDF: application/octet-stream da URL https://drive.google.com/uc?export=download&id=1-jPRR_PzFgcFBra5zoqRUfh7KWFoSQcY
2026-10-07 01:11:14,378 |     INFO | Download concluído (42555 bytes) da URL https://drive.google.com/uc?export=download&id=1-jPRR_PzFgcFBra5zoqRUfh7KWFoSQcY
2026-10-07 01:11:14,400 |     INFO | Texto extraído com PyPDF2 (263 caracteres)
2026-10-07 01:11:14,400 |     INFO | Medicamentos EM FALTA (encontrados no PDF): Nenhum
2026-10-07 01:11:14,400 |     INFO | Medicamentos DISPONÍVEIS (NÃO encontrados no PDF): DONEPEZIL 10MG, MEMANTINA 10MG, GALANTAMINA 24MG
2026-10-07 01:11:14,401 |     INFO | ✅ Mudança no conteúdo do PDF detectada. Novo hash: b5e29ef46e...
2026-10-07 01:11:16,081 |     INFO | Email enviado com sucesso: TODOS DISPONÍVEIS
2026-10-07 01:11:16,546 |     INFO | ✅ Mensagem enviada para Telegram com sucesso!
2026-10-07 01:11:16,547 |     INFO | ✅ Notificações enviadas com sucesso para E-mail e Telegram!
2026-10-07 01:11:16,547 |     INFO | ✅ Mudança no conteúdo do PDF detectada. Enviando e-mail.
2026-10-07 01:11:16,547 |     INFO | Execução concluída em 3.90s
2026-10-07 01:11:16,548 |     INFO | Estado salvo com sucesso
2026-10-07 01:11:16,548 |     INFO | Arquivo temporário dados_monitoramento/temp.pdf removido.
2026-10-07 17:11:24,215 |     INFO | Estado carregado com sucesso. Execução #1088
2026-10-07 17:11:24,215 |     INFO | === SISTEMA DE MONITORAMENTO INICIADO ===
2026-10-07 17:11:24,215 |     INFO | Biblioteca PDF: PyPDF2
2026-10-07 17:11:24,215 |     INFO | Python: 3.11.17 (main, Oct  1 2026, 14:32:31) [GCC 13.3.0]
2026-10-07 17:11:24,215 |     INFO | Arquivo ID: 1-jPRR_PzFgcFBra5zoqRUfh7KWFoSQcY
2026-10-07 17:11:24,215 |     INFO | Medicamentos monitorados: DONEPEZIL 10MG, MEMANTINA 10MG, GALANTAMINA 24MG
2026-10-07 17:11:24,215 |     INFO | Timezone configurado: America/Sao_Paulo
2026-10-07 17:11:24,223 |     INFO | === EXECUÇÃO #1089 INICIADA ===
2026-10-07 17:11:24,223 |     INFO | Tentativa 1 de download...
2026-10-07 17:11:27,408 |  WARNING | Conteúdo pode não ser PDF: application/octet-stream da URL https://drive.google.com/uc?export=download&id=1-jPRR_PzFgcFBra5zoqRUfh7KWFoSQcY
2026-10-07 17:11:27,451 |     INFO | Download concluído (42555 bytes) da URL https://drive.google.com/uc?export=download&id=1-jPRR_PzFgcFBra5zoqRUfh7KWFoSQcY
2026-10-07 17:11:27,496 |     INFO | Texto extraído com PyPDF2 (263 caracteres)
2026-10-07 17:11:27,496 |     INFO | Medicamentos EM FALTA (encontrados no PDF): Nenhum
2026-10-07 17:11:27,496 |     INFO | Medicamentos DISPONÍVEIS (NÃO encontrados no PDF): DONEPEZIL 10MG, MEMANTINA 10MG, GALANTAMINA 24MG
2026-10-07 17:11:27,496 |     INFO | ℹ️  Nenhuma mudança no PDF ou no status dos medicamentos detectada. Nenhum e-mail enviado.
2026-10-07 17:11:27,496 |     INFO | Execução concluída em 3.27s
2026-10-07 17:11:27,497 |     INFO | Estado salvo com sucesso
2026-10-07 17:11:27,497 |     INFO | Arquivo temporário dados_monitoramento/temp.pdf removido.
2026-10-08 01:31:47,240 |     INFO | Estado carregado com sucesso. Execução #1089
2026-10-08 01:31:47,240 |     INFO | === SISTEMA DE MONITORAMENTO INICIADO ===
2026-10-08 01:31:47,240 |     INFO | Biblioteca PDF: PyPDF2
2026-10-08 01:31:47,240 |     INFO | Python: 3.11.17 (main, Oct  1 2026, 14:32:31) [GCC 13.3.0]
2026-10-08 01:31:47,241 |     INFO | Arquivo ID: 1-jPRR_PzFgcFBra5zoqRUfh7KWFoSQcY
2026-10-08 01:31:47,241 |     INFO | Medicamentos monitorados: DONEPEZIL 10MG, MEMANTINA 10MG, GALANTAMINA 24MG
2026-10-08 01:31:47,241 |     INFO | Timezone configurado: America/Sao_Paulo
2026-10-08 01:31:47,252 |     INFO | === EXECUÇÃO #1090 INICIADA ===
2026-10-08 01:31:47,252 |     INFO | Tentativa 1 de download...
2026-10-08 01:31:48,537 |  WARNING | Conteúdo pode não ser PDF: application/octet-stream da URL https://drive.google.com/uc?export=download&id=1-jPRR_PzFgcFBra5zoqRUfh7KWFoSQcY
2026-10-08 01:31:48,545 |     INFO | Download concluído (42555 bytes) da URL https://drive.google.com/uc?export=download&id=1-jPRR_PzFgcFBra5zoqRUfh7KWFoSQcY
2026-10-08 01:31:48,595 |     INFO | Texto extraído com PyPDF2 (263 caracteres)
2026-10-08 01:31:48,596 |     INFO | Medicamentos EM FALTA (encontrados no PDF): Nenhum
2026-10-08 01:31:48,596 |     INFO | Medicamentos DISPONÍVEIS (NÃO encontrados no PDF): DONEPEZIL 10MG, MEMANTINA 10MG, GALANTAMINA 24MG
2026-10-08 01:31:48,596 |     INFO | ℹ️  Nenhuma mudança no PDF ou no status dos medicamentos detectada. Nenhum e-mail enviado.
2026-10-08 01:31:48,596 |     INFO | Execução concluída em 1.34s
2026-10-08 01:31:48,597 |     INFO | Estado salvo com sucesso
2026-10-08 01:31:48,597 |     INFO | Arquivo temporário dados_monitoramento/temp.pdf removido.
2026-10-08 17:08:59,143 |     INFO | Estado carregado com sucesso. Execução #1090
2026-10-08 17:08:59,143 |     INFO | === SISTEMA DE MONITORAMENTO INICIADO ===
2026-10-08 17:08:59,143 |     INFO | Biblioteca PDF: PyPDF2
2026-10-08 17:08:59,143 |     INFO | Python: 3.11.17 (main, Oct  1 2026, 14:32:31) [GCC 13.3.0]
2026-10-08 17:08:59,143 |     INFO | Arquivo ID: 1-jPRR_PzFgcFBra5zoqRUfh7KWFoSQcY
2026-10-08 17:08:59,143 |     INFO | Medicamentos monitorados: DONEPEZIL 10MG, MEMANTINA 10MG, GALANTAMINA 24MG
2026-10-08 17:08:59,143 |     INFO | Timezone configurado: America/Sao_Paulo
2026-10-08 17:08:59,164 |     INFO | === EXECUÇÃO #1091 INICIADA ===
2026-10-08 17:08:59,164 |     INFO | Tentativa 1 de download...
2026-10-08 17:09:00,461 |  WARNING | Conteúdo pode não ser PDF: application/octet-stream da URL https://drive.google.com/uc?export=download&id=1-jPRR_PzFgcFBra5zoqRUfh7KWFoSQcY
2026-10-08 17:09:00,464 |     INFO | Download concluído (41760 bytes) da URL https://drive.google.com/uc?export=download&id=1-jPRR_PzFgcFBra5zoqRUfh7KWFoSQcY
2026-10-08 17:09:01,008 |     INFO | Texto extraído com PyPDF2 (207 caracteres)
2026-10-08 17:09:01,008 |     INFO | Medicamentos EM FALTA (encontrados no PDF): Nenhum
2026-10-08 17:09:01,008 |     INFO | Medicamentos DISPONÍVEIS (NÃO encontrados no PDF): DONEPEZIL 10MG, MEMANTINA 10MG, GALANTAMINA 24MG
2026-10-08 17:09:01,009 |     INFO | ✅ Mudança no conteúdo do PDF detectada. Novo hash: 9a0cb53ac0...
2026-10-08 17:09:02,447 |     INFO | Email enviado com sucesso: TODOS DISPONÍVEIS
2026-10-08 17:09:02,897 |     INFO | ✅ Mensagem enviada para Telegram com sucesso!
2026-10-08 17:09:02,898 |     INFO | ✅ Notificações enviadas com sucesso para E-mail e Telegram!
2026-10-08 17:09:02,898 |     INFO | ✅ Mudança no conteúdo do PDF detectada. Enviando e-mail.
2026-10-08 17:09:02,898 |     INFO | Execução concluída em 3.73s
2026-10-08 17:09:02,899 |     INFO | Estado salvo com sucesso
2026-10-08 17:09:02,900 |     INFO | Arquivo temporário dados_monitoramento/temp.pdf removido.
2026-10-09 01:42:34,628 |     INFO | Estado carregado com sucesso. Execução #1091
2026-10-09 01:42:34,628 |     INFO | === SISTEMA DE MONITORAMENTO INICIADO ===
2026-10-09 01:42:34,629 |     INFO | Biblioteca PDF: PyPDF2
2026-10-09 01:42:34,629 |     INFO | Python: 3.11.17 (main, Oct  1 2026, 14:32:31) [GCC 13.3.0]
2026-10-09 01:42:34,629 |     INFO | Arquivo ID: 1-jPRR_PzFgcFBra5zoqRUfh7KWFoSQcY
2026-10-09 01:42:34,629 |     INFO | Medicamentos monitorados: DONEPEZIL 10MG, MEMANTINA 10MG, GALANTAMINA 24MG
2026-10-09 01:42:34,629 |     INFO | Timezone configurado: America/Sao_Paulo
2026-10-09 01:42:34,640 |     INFO | === EXECUÇÃO #1092 INICIADA ===
2026-10-09 01:42:34,640 |     INFO | Tentativa 1 de download...
2026-10-09 01:42:35,788 |  WARNING | Conteúdo pode não ser PDF: application/octet-stream da URL https://drive.google.com/uc?export=download&id=1-jPRR_PzFgcFBra5zoqRUfh7KWFoSQcY
2026-10-09 01:42:35,797 |     INFO | Download concluído (41760 bytes) da URL https://drive.google.com/uc?export=download&id=1-jPRR_PzFgcFBra5zoqRUfh7KWFoSQcY
2026-10-09 01:42:35,827 |     INFO | Texto extraído com PyPDF2 (207 caracteres)
2026-10-09 01:42:35,828 |     INFO | Medicamentos EM FALTA (encontrados no PDF): Nenhum
2026-10-09 01:42:35,828 |     INFO | Medicamentos DISPONÍVEIS (NÃO encontrados no PDF): DONEPEZIL 10MG, MEMANTINA 10MG, GALANTAMINA 24MG
2026-10-09 01:42:35,828 |     INFO | ℹ️  Nenhuma mudança no PDF ou no status dos medicamentos detectada. Nenhum e-mail enviado.
2026-10-09 01:42:35,828 |     INFO | Execução concluída em 1.19s
2026-10-09 01:42:35,828 |     INFO | Estado salvo com sucesso
2026-10-09 01:42:35,829 |     INFO | Arquivo temporário dados_monitoramento/temp.pdf removido.
2026-10-09 16:46:35,490 |     INFO | Estado carregado com sucesso. Execução #1092
2026-10-09 16:46:35,490 |     INFO | === SISTEMA DE MONITORAMENTO INICIADO ===
2026-10-09 16:46:35,490 |     INFO | Biblioteca PDF: PyPDF2
2026-10-09 16:46:35,490 |     INFO | Python: 3.11.17 (main, Oct  1 2026, 14:32:31) [GCC 13.3.0]
2026-10-09 16:46:35,490 |     INFO | Arquivo ID: 1-jPRR_PzFgcFBra5zoqRUfh7KWFoSQcY
2026-10-09 16:46:35,490 |     INFO | Medicamentos monitorados: DONEPEZIL 10MG, MEMANTINA 10MG, GALANTAMINA 24MG
2026-10-09 16:46:35,490 |     INFO | Timezone configurado: America/Sao_Paulo
2026-10-09 16:46:35,499 |     INFO | === EXECUÇÃO #1093 INICIADA ===
2026-10-09 16:46:35,499 |     INFO | Tentativa 1 de download...
2026-10-09 16:46:36,746 |  WARNING | Conteúdo pode não ser PDF: application/octet-stream da URL https://drive.google.com/uc?export=download&id=1-jPRR_PzFgcFBra5zoqRUfh7KWFoSQcY
2026-10-09 16:46:36,749 |     INFO | Download concluído (41760 bytes) da URL https://drive.google.com/uc?export=download&id=1-jPRR_PzFgcFBra5zoqRUfh7KWFoSQcY
2026-10-09 16:46:36,778 |     INFO | Texto extraído com PyPDF2 (207 caracteres)
2026-10-09 16:46:36,778 |     INFO | Medicamentos EM FALTA (encontrados no PDF): Nenhum
2026-10-09 16:46:36,778 |     INFO | Medicamentos DISPONÍVEIS (NÃO encontrados no PDF): DONEPEZIL 10MG, MEMANTINA 10MG, GALANTAMINA 24MG
2026-10-09 16:46:36,778 |     INFO | ℹ️  Nenhuma mudança no PDF ou no status dos medicamentos detectada. Nenhum e-mail enviado.
2026-10-09 16:46:36,778 |     INFO | Execução concluída em 1.28s
2026-10-09 16:46:36,779 |     INFO | Estado salvo com sucesso
2026-10-09 16:46:36,779 |     INFO | Arquivo temporário dados_monitoramento/temp.pdf removido.
